INFO 2025-05-31 00:54:15,938 main 63350 125147810297344 Uploading chunk 0/425 for file train.zip
ERROR 2025-05-31 00:54:15,938 main 63350 125147810297344 Error uploading chunk 0: 400: Not enough storage space
Traceback (most recent call last):
  File "/media/tat/backup/project/data_management/backend/fastapi_app/main.py", line 165, in upload_chunk
    raise HTTPException(status_code=400, detail="Not enough storage space")
fastapi.exceptions.HTTPException: 400: Not enough storage space
ERROR 2025-06-01 15:37:33,526 main 20052 127685224859136 Authentication error: name 'get_user_by_id' is not defined
INFO 2025-06-01 15:39:49,834 main 26801 125507570574848 Uploading chunk 0/425 for file train.zip
ERROR 2025-06-01 15:39:49,834 main 26801 125507570574848 Error uploading chunk 0: 400: Not enough storage space
Traceback (most recent call last):
  File "/media/tat/backup/project/data_management/backend/fastapi_app/main.py", line 169, in upload_chunk
    raise HTTPException(status_code=400, detail="Not enough storage space")
fastapi.exceptions.HTTPException: 400: Not enough storage space
INFO 2025-06-01 15:40:55,622 main 28364 127746081166848 Uploading chunk 0/425 for file train.zip
ERROR 2025-06-01 15:40:55,622 main 28364 127746081166848 Error uploading chunk 0: 400: Not enough storage space
Traceback (most recent call last):
  File "/media/tat/backup/project/data_management/backend/fastapi_app/main.py", line 169, in upload_chunk
    raise HTTPException(status_code=400, detail="Not enough storage space")
fastapi.exceptions.HTTPException: 400: Not enough storage space
INFO 2025-06-01 15:45:03,521 main 33699 128443262526976 Uploading chunk 0/425 for file train.zip
ERROR 2025-06-01 15:45:03,521 main 33699 128443262526976 Error uploading chunk 0: 400: Not enough storage space
Traceback (most recent call last):
  File "/media/tat/backup/project/data_management/backend/fastapi_app/main.py", line 169, in upload_chunk
    raise HTTPException(status_code=400, detail="Not enough storage space")
fastapi.exceptions.HTTPException: 400: Not enough storage space
INFO 2025-06-01 16:14:45,118 main 75724 123539402827264 Uploading chunk 0/425 for file train.zip
ERROR 2025-06-01 16:14:45,118 main 75724 123539402827264 Error uploading chunk 0: 400: Not enough storage space
Traceback (most recent call last):
  File "/media/tat/backup/project/data_management/backend/fastapi_app/main.py", line 169, in upload_chunk
    raise HTTPException(status_code=400, detail="Not enough storage space")
fastapi.exceptions.HTTPException: 400: Not enough storage space
INFO 2025-06-01 16:15:13,216 main 75724 123539402827264 Uploading chunk 0/425 for file train.zip
INFO 2025-06-01 16:15:13,260 main 75724 123539402827264 Chunk 0 written: 52428800 bytes
ERROR 2025-06-01 16:15:13,261 main 75724 123539402827264 Error uploading chunk 0: (1406, "Data too long for column 'file' at row 1")
Traceback (most recent call last):
  File "/home/tat/miniconda3/envs/python11/lib/python3.11/site-packages/django/db/backends/utils.py", line 105, in _execute
    return self.cursor.execute(sql, params)
           ^^^^^^^^^^^^^^^^^^^^^^^^^^^^^^^^
  File "/home/tat/miniconda3/envs/python11/lib/python3.11/site-packages/django/db/backends/mysql/base.py", line 76, in execute
    return self.cursor.execute(query, args)
           ^^^^^^^^^^^^^^^^^^^^^^^^^^^^^^^^
  File "/home/tat/miniconda3/envs/python11/lib/python3.11/site-packages/pymysql/cursors.py", line 153, in execute
    result = self._query(query)
             ^^^^^^^^^^^^^^^^^^
  File "/home/tat/miniconda3/envs/python11/lib/python3.11/site-packages/pymysql/cursors.py", line 322, in _query
    conn.query(q)
  File "/home/tat/miniconda3/envs/python11/lib/python3.11/site-packages/pymysql/connections.py", line 563, in query
    self._affected_rows = self._read_query_result(unbuffered=unbuffered)
                          ^^^^^^^^^^^^^^^^^^^^^^^^^^^^^^^^^^^^^^^^^^^^^^
  File "/home/tat/miniconda3/envs/python11/lib/python3.11/site-packages/pymysql/connections.py", line 825, in _read_query_result
    result.read()
  File "/home/tat/miniconda3/envs/python11/lib/python3.11/site-packages/pymysql/connections.py", line 1199, in read
    first_packet = self.connection._read_packet()
                   ^^^^^^^^^^^^^^^^^^^^^^^^^^^^^^
  File "/home/tat/miniconda3/envs/python11/lib/python3.11/site-packages/pymysql/connections.py", line 775, in _read_packet
    packet.raise_for_error()
  File "/home/tat/miniconda3/envs/python11/lib/python3.11/site-packages/pymysql/protocol.py", line 219, in raise_for_error
    err.raise_mysql_exception(self._data)
  File "/home/tat/miniconda3/envs/python11/lib/python3.11/site-packages/pymysql/err.py", line 150, in raise_mysql_exception
    raise errorclass(errno, errval)
pymysql.err.DataError: (1406, "Data too long for column 'file' at row 1")

The above exception was the direct cause of the following exception:

Traceback (most recent call last):
  File "/media/tat/backup/project/data_management/backend/fastapi_app/main.py", line 208, in upload_chunk
    chunk_record = await create_chunked_upload(
                   ^^^^^^^^^^^^^^^^^^^^^^^^^^^^
  File "/home/tat/miniconda3/envs/python11/lib/python3.11/site-packages/asgiref/sync.py", line 468, in __call__
    ret = await asyncio.shield(exec_coro)
          ^^^^^^^^^^^^^^^^^^^^^^^^^^^^^^^
  File "/home/tat/miniconda3/envs/python11/lib/python3.11/concurrent/futures/thread.py", line 58, in run
    result = self.fn(*self.args, **self.kwargs)
             ^^^^^^^^^^^^^^^^^^^^^^^^^^^^^^^^^^
  File "/home/tat/miniconda3/envs/python11/lib/python3.11/site-packages/asgiref/sync.py", line 522, in thread_handler
    return func(*args, **kwargs)
           ^^^^^^^^^^^^^^^^^^^^^
  File "/media/tat/backup/project/data_management/backend/fastapi_app/main.py", line 76, in create_chunked_upload
    return ChunkedUpload.objects.create(
           ^^^^^^^^^^^^^^^^^^^^^^^^^^^^^
  File "/home/tat/miniconda3/envs/python11/lib/python3.11/site-packages/django/db/models/manager.py", line 87, in manager_method
    return getattr(self.get_queryset(), name)(*args, **kwargs)
           ^^^^^^^^^^^^^^^^^^^^^^^^^^^^^^^^^^^^^^^^^^^^^^^^^^^
  File "/home/tat/miniconda3/envs/python11/lib/python3.11/site-packages/django/db/models/query.py", line 663, in create
    obj.save(force_insert=True, using=self.db)
  File "/home/tat/miniconda3/envs/python11/lib/python3.11/site-packages/django/db/models/base.py", line 902, in save
    self.save_base(
  File "/home/tat/miniconda3/envs/python11/lib/python3.11/site-packages/django/db/models/base.py", line 1008, in save_base
    updated = self._save_table(
              ^^^^^^^^^^^^^^^^^
  File "/home/tat/miniconda3/envs/python11/lib/python3.11/site-packages/django/db/models/base.py", line 1169, in _save_table
    results = self._do_insert(
              ^^^^^^^^^^^^^^^^
  File "/home/tat/miniconda3/envs/python11/lib/python3.11/site-packages/django/db/models/base.py", line 1210, in _do_insert
    return manager._insert(
           ^^^^^^^^^^^^^^^^
  File "/home/tat/miniconda3/envs/python11/lib/python3.11/site-packages/django/db/models/manager.py", line 87, in manager_method
    return getattr(self.get_queryset(), name)(*args, **kwargs)
           ^^^^^^^^^^^^^^^^^^^^^^^^^^^^^^^^^^^^^^^^^^^^^^^^^^^
  File "/home/tat/miniconda3/envs/python11/lib/python3.11/site-packages/django/db/models/query.py", line 1864, in _insert
    return query.get_compiler(using=using).execute_sql(returning_fields)
           ^^^^^^^^^^^^^^^^^^^^^^^^^^^^^^^^^^^^^^^^^^^^^^^^^^^^^^^^^^^^^
  File "/home/tat/miniconda3/envs/python11/lib/python3.11/site-packages/django/db/models/sql/compiler.py", line 1882, in execute_sql
    cursor.execute(sql, params)
  File "/home/tat/miniconda3/envs/python11/lib/python3.11/site-packages/django/db/backends/utils.py", line 122, in execute
    return super().execute(sql, params)
           ^^^^^^^^^^^^^^^^^^^^^^^^^^^^
  File "/home/tat/miniconda3/envs/python11/lib/python3.11/site-packages/django/db/backends/utils.py", line 79, in execute
    return self._execute_with_wrappers(
           ^^^^^^^^^^^^^^^^^^^^^^^^^^^^
  File "/home/tat/miniconda3/envs/python11/lib/python3.11/site-packages/django/db/backends/utils.py", line 92, in _execute_with_wrappers
    return executor(sql, params, many, context)
           ^^^^^^^^^^^^^^^^^^^^^^^^^^^^^^^^^^^^
  File "/home/tat/miniconda3/envs/python11/lib/python3.11/site-packages/django/db/backends/utils.py", line 100, in _execute
    with self.db.wrap_database_errors:
  File "/home/tat/miniconda3/envs/python11/lib/python3.11/site-packages/django/db/utils.py", line 91, in __exit__
    raise dj_exc_value.with_traceback(traceback) from exc_value
  File "/home/tat/miniconda3/envs/python11/lib/python3.11/site-packages/django/db/backends/utils.py", line 105, in _execute
    return self.cursor.execute(sql, params)
           ^^^^^^^^^^^^^^^^^^^^^^^^^^^^^^^^
  File "/home/tat/miniconda3/envs/python11/lib/python3.11/site-packages/django/db/backends/mysql/base.py", line 76, in execute
    return self.cursor.execute(query, args)
           ^^^^^^^^^^^^^^^^^^^^^^^^^^^^^^^^
  File "/home/tat/miniconda3/envs/python11/lib/python3.11/site-packages/pymysql/cursors.py", line 153, in execute
    result = self._query(query)
             ^^^^^^^^^^^^^^^^^^
  File "/home/tat/miniconda3/envs/python11/lib/python3.11/site-packages/pymysql/cursors.py", line 322, in _query
    conn.query(q)
  File "/home/tat/miniconda3/envs/python11/lib/python3.11/site-packages/pymysql/connections.py", line 563, in query
    self._affected_rows = self._read_query_result(unbuffered=unbuffered)
                          ^^^^^^^^^^^^^^^^^^^^^^^^^^^^^^^^^^^^^^^^^^^^^^
  File "/home/tat/miniconda3/envs/python11/lib/python3.11/site-packages/pymysql/connections.py", line 825, in _read_query_result
    result.read()
  File "/home/tat/miniconda3/envs/python11/lib/python3.11/site-packages/pymysql/connections.py", line 1199, in read
    first_packet = self.connection._read_packet()
                   ^^^^^^^^^^^^^^^^^^^^^^^^^^^^^^
  File "/home/tat/miniconda3/envs/python11/lib/python3.11/site-packages/pymysql/connections.py", line 775, in _read_packet
    packet.raise_for_error()
  File "/home/tat/miniconda3/envs/python11/lib/python3.11/site-packages/pymysql/protocol.py", line 219, in raise_for_error
    err.raise_mysql_exception(self._data)
  File "/home/tat/miniconda3/envs/python11/lib/python3.11/site-packages/pymysql/err.py", line 150, in raise_mysql_exception
    raise errorclass(errno, errval)
django.db.utils.DataError: (1406, "Data too long for column 'file' at row 1")
INFO 2025-06-01 16:21:20,731 main 85261 136075415901696 Uploading chunk 0/425 for file train.zip
INFO 2025-06-01 16:21:20,803 main 85261 136075415901696 Chunk 0 written: 52428800 bytes
INFO 2025-06-01 16:21:20,811 main 85261 136075415901696 Chunk 0 upload successful
INFO 2025-06-01 16:30:47,622 main 99242 129118516864512 Uploading chunk 0/425 for file train.zip
INFO 2025-06-01 16:30:47,690 main 99242 129118516864512 Chunk 0 written: 52428800 bytes
INFO 2025-06-01 16:30:47,698 main 99242 129118516864512 Chunk 0 upload successful
INFO 2025-06-01 16:32:00,320 main 101010 128253511632384 Uploading chunk 0/213 for file train.zip
INFO 2025-06-01 16:32:00,456 main 101010 128253511632384 Chunk 0 written: 104857600 bytes
ERROR 2025-06-01 16:32:00,461 main 101010 128253511632384 Error uploading chunk 0: (1062, "Duplicate entry '31c1e60feeb14b2fb1f91a9f48e45338-train.zip-0' for key 'storage_chunkedupload.storage_chunkedupload_user_id_filename_chunk_n_908580c6_uniq'")
Traceback (most recent call last):
  File "/home/tat/miniconda3/envs/python11/lib/python3.11/site-packages/django/db/backends/utils.py", line 105, in _execute
    return self.cursor.execute(sql, params)
           ^^^^^^^^^^^^^^^^^^^^^^^^^^^^^^^^
  File "/home/tat/miniconda3/envs/python11/lib/python3.11/site-packages/django/db/backends/mysql/base.py", line 76, in execute
    return self.cursor.execute(query, args)
           ^^^^^^^^^^^^^^^^^^^^^^^^^^^^^^^^
  File "/home/tat/miniconda3/envs/python11/lib/python3.11/site-packages/pymysql/cursors.py", line 153, in execute
    result = self._query(query)
             ^^^^^^^^^^^^^^^^^^
  File "/home/tat/miniconda3/envs/python11/lib/python3.11/site-packages/pymysql/cursors.py", line 322, in _query
    conn.query(q)
  File "/home/tat/miniconda3/envs/python11/lib/python3.11/site-packages/pymysql/connections.py", line 563, in query
    self._affected_rows = self._read_query_result(unbuffered=unbuffered)
                          ^^^^^^^^^^^^^^^^^^^^^^^^^^^^^^^^^^^^^^^^^^^^^^
  File "/home/tat/miniconda3/envs/python11/lib/python3.11/site-packages/pymysql/connections.py", line 825, in _read_query_result
    result.read()
  File "/home/tat/miniconda3/envs/python11/lib/python3.11/site-packages/pymysql/connections.py", line 1199, in read
    first_packet = self.connection._read_packet()
                   ^^^^^^^^^^^^^^^^^^^^^^^^^^^^^^
  File "/home/tat/miniconda3/envs/python11/lib/python3.11/site-packages/pymysql/connections.py", line 775, in _read_packet
    packet.raise_for_error()
  File "/home/tat/miniconda3/envs/python11/lib/python3.11/site-packages/pymysql/protocol.py", line 219, in raise_for_error
    err.raise_mysql_exception(self._data)
  File "/home/tat/miniconda3/envs/python11/lib/python3.11/site-packages/pymysql/err.py", line 150, in raise_mysql_exception
    raise errorclass(errno, errval)
pymysql.err.IntegrityError: (1062, "Duplicate entry '31c1e60feeb14b2fb1f91a9f48e45338-train.zip-0' for key 'storage_chunkedupload.storage_chunkedupload_user_id_filename_chunk_n_908580c6_uniq'")

The above exception was the direct cause of the following exception:

Traceback (most recent call last):
  File "/media/tat/backup/project/data_management/backend/fastapi_app/main.py", line 208, in upload_chunk
    chunk_record = await create_chunked_upload(
                   ^^^^^^^^^^^^^^^^^^^^^^^^^^^^
  File "/home/tat/miniconda3/envs/python11/lib/python3.11/site-packages/asgiref/sync.py", line 468, in __call__
    ret = await asyncio.shield(exec_coro)
          ^^^^^^^^^^^^^^^^^^^^^^^^^^^^^^^
  File "/home/tat/miniconda3/envs/python11/lib/python3.11/concurrent/futures/thread.py", line 58, in run
    result = self.fn(*self.args, **self.kwargs)
             ^^^^^^^^^^^^^^^^^^^^^^^^^^^^^^^^^^
  File "/home/tat/miniconda3/envs/python11/lib/python3.11/site-packages/asgiref/sync.py", line 522, in thread_handler
    return func(*args, **kwargs)
           ^^^^^^^^^^^^^^^^^^^^^
  File "/media/tat/backup/project/data_management/backend/fastapi_app/main.py", line 76, in create_chunked_upload
    return ChunkedUpload.objects.create(
           ^^^^^^^^^^^^^^^^^^^^^^^^^^^^^
  File "/home/tat/miniconda3/envs/python11/lib/python3.11/site-packages/django/db/models/manager.py", line 87, in manager_method
    return getattr(self.get_queryset(), name)(*args, **kwargs)
           ^^^^^^^^^^^^^^^^^^^^^^^^^^^^^^^^^^^^^^^^^^^^^^^^^^^
  File "/home/tat/miniconda3/envs/python11/lib/python3.11/site-packages/django/db/models/query.py", line 663, in create
    obj.save(force_insert=True, using=self.db)
  File "/home/tat/miniconda3/envs/python11/lib/python3.11/site-packages/django/db/models/base.py", line 902, in save
    self.save_base(
  File "/home/tat/miniconda3/envs/python11/lib/python3.11/site-packages/django/db/models/base.py", line 1008, in save_base
    updated = self._save_table(
              ^^^^^^^^^^^^^^^^^
  File "/home/tat/miniconda3/envs/python11/lib/python3.11/site-packages/django/db/models/base.py", line 1169, in _save_table
    results = self._do_insert(
              ^^^^^^^^^^^^^^^^
  File "/home/tat/miniconda3/envs/python11/lib/python3.11/site-packages/django/db/models/base.py", line 1210, in _do_insert
    return manager._insert(
           ^^^^^^^^^^^^^^^^
  File "/home/tat/miniconda3/envs/python11/lib/python3.11/site-packages/django/db/models/manager.py", line 87, in manager_method
    return getattr(self.get_queryset(), name)(*args, **kwargs)
           ^^^^^^^^^^^^^^^^^^^^^^^^^^^^^^^^^^^^^^^^^^^^^^^^^^^
  File "/home/tat/miniconda3/envs/python11/lib/python3.11/site-packages/django/db/models/query.py", line 1864, in _insert
    return query.get_compiler(using=using).execute_sql(returning_fields)
           ^^^^^^^^^^^^^^^^^^^^^^^^^^^^^^^^^^^^^^^^^^^^^^^^^^^^^^^^^^^^^
  File "/home/tat/miniconda3/envs/python11/lib/python3.11/site-packages/django/db/models/sql/compiler.py", line 1882, in execute_sql
    cursor.execute(sql, params)
  File "/home/tat/miniconda3/envs/python11/lib/python3.11/site-packages/django/db/backends/utils.py", line 122, in execute
    return super().execute(sql, params)
           ^^^^^^^^^^^^^^^^^^^^^^^^^^^^
  File "/home/tat/miniconda3/envs/python11/lib/python3.11/site-packages/django/db/backends/utils.py", line 79, in execute
    return self._execute_with_wrappers(
           ^^^^^^^^^^^^^^^^^^^^^^^^^^^^
  File "/home/tat/miniconda3/envs/python11/lib/python3.11/site-packages/django/db/backends/utils.py", line 92, in _execute_with_wrappers
    return executor(sql, params, many, context)
           ^^^^^^^^^^^^^^^^^^^^^^^^^^^^^^^^^^^^
  File "/home/tat/miniconda3/envs/python11/lib/python3.11/site-packages/django/db/backends/utils.py", line 100, in _execute
    with self.db.wrap_database_errors:
  File "/home/tat/miniconda3/envs/python11/lib/python3.11/site-packages/django/db/utils.py", line 91, in __exit__
    raise dj_exc_value.with_traceback(traceback) from exc_value
  File "/home/tat/miniconda3/envs/python11/lib/python3.11/site-packages/django/db/backends/utils.py", line 105, in _execute
    return self.cursor.execute(sql, params)
           ^^^^^^^^^^^^^^^^^^^^^^^^^^^^^^^^
  File "/home/tat/miniconda3/envs/python11/lib/python3.11/site-packages/django/db/backends/mysql/base.py", line 76, in execute
    return self.cursor.execute(query, args)
           ^^^^^^^^^^^^^^^^^^^^^^^^^^^^^^^^
  File "/home/tat/miniconda3/envs/python11/lib/python3.11/site-packages/pymysql/cursors.py", line 153, in execute
    result = self._query(query)
             ^^^^^^^^^^^^^^^^^^
  File "/home/tat/miniconda3/envs/python11/lib/python3.11/site-packages/pymysql/cursors.py", line 322, in _query
    conn.query(q)
  File "/home/tat/miniconda3/envs/python11/lib/python3.11/site-packages/pymysql/connections.py", line 563, in query
    self._affected_rows = self._read_query_result(unbuffered=unbuffered)
                          ^^^^^^^^^^^^^^^^^^^^^^^^^^^^^^^^^^^^^^^^^^^^^^
  File "/home/tat/miniconda3/envs/python11/lib/python3.11/site-packages/pymysql/connections.py", line 825, in _read_query_result
    result.read()
  File "/home/tat/miniconda3/envs/python11/lib/python3.11/site-packages/pymysql/connections.py", line 1199, in read
    first_packet = self.connection._read_packet()
                   ^^^^^^^^^^^^^^^^^^^^^^^^^^^^^^
  File "/home/tat/miniconda3/envs/python11/lib/python3.11/site-packages/pymysql/connections.py", line 775, in _read_packet
    packet.raise_for_error()
  File "/home/tat/miniconda3/envs/python11/lib/python3.11/site-packages/pymysql/protocol.py", line 219, in raise_for_error
    err.raise_mysql_exception(self._data)
  File "/home/tat/miniconda3/envs/python11/lib/python3.11/site-packages/pymysql/err.py", line 150, in raise_mysql_exception
    raise errorclass(errno, errval)
django.db.utils.IntegrityError: (1062, "Duplicate entry '31c1e60feeb14b2fb1f91a9f48e45338-train.zip-0' for key 'storage_chunkedupload.storage_chunkedupload_user_id_filename_chunk_n_908580c6_uniq'")
INFO 2025-06-01 16:35:08,561 main 104152 127420801443328 Uploading chunk 0/213 for file train.zip
INFO 2025-06-01 16:35:08,649 main 104152 127420801443328 Chunk 0 written: 104857600 bytes
INFO 2025-06-01 16:35:08,658 main 104152 127420801443328 Chunk 0 upload successful
INFO 2025-06-01 16:35:09,301 main 104152 127420801443328 Uploading chunk 1/213 for file train.zip
INFO 2025-06-01 16:35:09,384 main 104152 127420801443328 Chunk 1 written: 104857600 bytes
INFO 2025-06-01 16:35:09,394 main 104152 127420801443328 Chunk 1 upload successful
INFO 2025-06-01 16:35:10,033 main 104152 127420801443328 Uploading chunk 2/213 for file train.zip
INFO 2025-06-01 16:35:10,108 main 104152 127420801443328 Chunk 2 written: 104857600 bytes
INFO 2025-06-01 16:35:10,116 main 104152 127420801443328 Chunk 2 upload successful
INFO 2025-06-01 16:35:10,776 main 104152 127420801443328 Uploading chunk 3/213 for file train.zip
INFO 2025-06-01 16:35:10,853 main 104152 127420801443328 Chunk 3 written: 104857600 bytes
INFO 2025-06-01 16:35:10,862 main 104152 127420801443328 Chunk 3 upload successful
INFO 2025-06-01 16:35:11,554 main 104152 127420801443328 Uploading chunk 4/213 for file train.zip
INFO 2025-06-01 16:35:11,632 main 104152 127420801443328 Chunk 4 written: 104857600 bytes
INFO 2025-06-01 16:35:11,641 main 104152 127420801443328 Chunk 4 upload successful
INFO 2025-06-01 16:35:12,294 main 104152 127420801443328 Uploading chunk 5/213 for file train.zip
INFO 2025-06-01 16:35:12,374 main 104152 127420801443328 Chunk 5 written: 104857600 bytes
INFO 2025-06-01 16:35:12,382 main 104152 127420801443328 Chunk 5 upload successful
INFO 2025-06-01 16:35:13,051 main 104152 127420801443328 Uploading chunk 6/213 for file train.zip
INFO 2025-06-01 16:35:13,130 main 104152 127420801443328 Chunk 6 written: 104857600 bytes
INFO 2025-06-01 16:35:13,137 main 104152 127420801443328 Chunk 6 upload successful
INFO 2025-06-01 16:35:13,808 main 104152 127420801443328 Uploading chunk 7/213 for file train.zip
INFO 2025-06-01 16:35:13,906 main 104152 127420801443328 Chunk 7 written: 104857600 bytes
INFO 2025-06-01 16:35:13,913 main 104152 127420801443328 Chunk 7 upload successful
INFO 2025-06-01 16:35:14,553 main 104152 127420801443328 Uploading chunk 8/213 for file train.zip
INFO 2025-06-01 16:35:14,640 main 104152 127420801443328 Chunk 8 written: 104857600 bytes
INFO 2025-06-01 16:35:14,649 main 104152 127420801443328 Chunk 8 upload successful
INFO 2025-06-01 16:35:15,281 main 104152 127420801443328 Uploading chunk 9/213 for file train.zip
INFO 2025-06-01 16:35:15,363 main 104152 127420801443328 Chunk 9 written: 104857600 bytes
INFO 2025-06-01 16:35:15,373 main 104152 127420801443328 Chunk 9 upload successful
INFO 2025-06-01 16:35:16,057 main 104152 127420801443328 Uploading chunk 10/213 for file train.zip
INFO 2025-06-01 16:35:16,136 main 104152 127420801443328 Chunk 10 written: 104857600 bytes
INFO 2025-06-01 16:35:16,148 main 104152 127420801443328 Chunk 10 upload successful
INFO 2025-06-01 16:35:16,813 main 104152 127420801443328 Uploading chunk 11/213 for file train.zip
INFO 2025-06-01 16:35:16,894 main 104152 127420801443328 Chunk 11 written: 104857600 bytes
INFO 2025-06-01 16:35:16,904 main 104152 127420801443328 Chunk 11 upload successful
INFO 2025-06-01 16:35:17,562 main 104152 127420801443328 Uploading chunk 12/213 for file train.zip
INFO 2025-06-01 16:35:17,642 main 104152 127420801443328 Chunk 12 written: 104857600 bytes
INFO 2025-06-01 16:35:17,651 main 104152 127420801443328 Chunk 12 upload successful
INFO 2025-06-01 16:35:18,299 main 104152 127420801443328 Uploading chunk 13/213 for file train.zip
INFO 2025-06-01 16:35:18,381 main 104152 127420801443328 Chunk 13 written: 104857600 bytes
INFO 2025-06-01 16:35:18,389 main 104152 127420801443328 Chunk 13 upload successful
INFO 2025-06-01 16:35:19,010 main 104152 127420801443328 Uploading chunk 14/213 for file train.zip
INFO 2025-06-01 16:35:19,097 main 104152 127420801443328 Chunk 14 written: 104857600 bytes
INFO 2025-06-01 16:35:19,106 main 104152 127420801443328 Chunk 14 upload successful
INFO 2025-06-01 16:35:19,763 main 104152 127420801443328 Uploading chunk 15/213 for file train.zip
INFO 2025-06-01 16:35:19,838 main 104152 127420801443328 Chunk 15 written: 104857600 bytes
INFO 2025-06-01 16:35:19,847 main 104152 127420801443328 Chunk 15 upload successful
INFO 2025-06-01 16:35:20,501 main 104152 127420801443328 Uploading chunk 16/213 for file train.zip
INFO 2025-06-01 16:35:20,578 main 104152 127420801443328 Chunk 16 written: 104857600 bytes
INFO 2025-06-01 16:35:20,587 main 104152 127420801443328 Chunk 16 upload successful
INFO 2025-06-01 16:35:21,238 main 104152 127420801443328 Uploading chunk 17/213 for file train.zip
INFO 2025-06-01 16:35:21,320 main 104152 127420801443328 Chunk 17 written: 104857600 bytes
INFO 2025-06-01 16:35:21,327 main 104152 127420801443328 Chunk 17 upload successful
INFO 2025-06-01 16:35:21,989 main 104152 127420801443328 Uploading chunk 18/213 for file train.zip
INFO 2025-06-01 16:35:22,065 main 104152 127420801443328 Chunk 18 written: 104857600 bytes
INFO 2025-06-01 16:35:22,076 main 104152 127420801443328 Chunk 18 upload successful
INFO 2025-06-01 16:35:22,680 main 104152 127420801443328 Uploading chunk 19/213 for file train.zip
INFO 2025-06-01 16:35:22,765 main 104152 127420801443328 Chunk 19 written: 104857600 bytes
INFO 2025-06-01 16:35:22,774 main 104152 127420801443328 Chunk 19 upload successful
INFO 2025-06-01 16:35:23,455 main 104152 127420801443328 Uploading chunk 20/213 for file train.zip
INFO 2025-06-01 16:35:23,538 main 104152 127420801443328 Chunk 20 written: 104857600 bytes
INFO 2025-06-01 16:35:23,546 main 104152 127420801443328 Chunk 20 upload successful
INFO 2025-06-01 16:35:24,201 main 104152 127420801443328 Uploading chunk 21/213 for file train.zip
INFO 2025-06-01 16:35:24,281 main 104152 127420801443328 Chunk 21 written: 104857600 bytes
INFO 2025-06-01 16:35:24,288 main 104152 127420801443328 Chunk 21 upload successful
INFO 2025-06-01 16:35:24,941 main 104152 127420801443328 Uploading chunk 22/213 for file train.zip
INFO 2025-06-01 16:35:25,035 main 104152 127420801443328 Chunk 22 written: 104857600 bytes
INFO 2025-06-01 16:35:25,043 main 104152 127420801443328 Chunk 22 upload successful
INFO 2025-06-01 16:35:25,717 main 104152 127420801443328 Uploading chunk 23/213 for file train.zip
INFO 2025-06-01 16:35:25,799 main 104152 127420801443328 Chunk 23 written: 104857600 bytes
INFO 2025-06-01 16:35:25,816 main 104152 127420801443328 Chunk 23 upload successful
INFO 2025-06-01 16:35:26,435 main 104152 127420801443328 Uploading chunk 24/213 for file train.zip
INFO 2025-06-01 16:35:26,515 main 104152 127420801443328 Chunk 24 written: 104857600 bytes
INFO 2025-06-01 16:35:26,524 main 104152 127420801443328 Chunk 24 upload successful
INFO 2025-06-01 16:35:27,144 main 104152 127420801443328 Uploading chunk 25/213 for file train.zip
INFO 2025-06-01 16:35:27,230 main 104152 127420801443328 Chunk 25 written: 104857600 bytes
INFO 2025-06-01 16:35:27,238 main 104152 127420801443328 Chunk 25 upload successful
INFO 2025-06-01 16:35:27,889 main 104152 127420801443328 Uploading chunk 26/213 for file train.zip
INFO 2025-06-01 16:35:27,968 main 104152 127420801443328 Chunk 26 written: 104857600 bytes
INFO 2025-06-01 16:35:27,976 main 104152 127420801443328 Chunk 26 upload successful
INFO 2025-06-01 16:35:28,672 main 104152 127420801443328 Uploading chunk 27/213 for file train.zip
INFO 2025-06-01 16:35:28,757 main 104152 127420801443328 Chunk 27 written: 104857600 bytes
INFO 2025-06-01 16:35:28,803 main 104152 127420801443328 Chunk 27 upload successful
INFO 2025-06-01 16:35:29,444 main 104152 127420801443328 Uploading chunk 28/213 for file train.zip
INFO 2025-06-01 16:35:29,523 main 104152 127420801443328 Chunk 28 written: 104857600 bytes
INFO 2025-06-01 16:35:29,530 main 104152 127420801443328 Chunk 28 upload successful
INFO 2025-06-01 16:35:30,171 main 104152 127420801443328 Uploading chunk 29/213 for file train.zip
INFO 2025-06-01 16:35:30,250 main 104152 127420801443328 Chunk 29 written: 104857600 bytes
INFO 2025-06-01 16:35:30,258 main 104152 127420801443328 Chunk 29 upload successful
INFO 2025-06-01 16:35:30,941 main 104152 127420801443328 Uploading chunk 30/213 for file train.zip
INFO 2025-06-01 16:35:31,019 main 104152 127420801443328 Chunk 30 written: 104857600 bytes
INFO 2025-06-01 16:35:31,028 main 104152 127420801443328 Chunk 30 upload successful
INFO 2025-06-01 16:35:31,698 main 104152 127420801443328 Uploading chunk 31/213 for file train.zip
INFO 2025-06-01 16:35:31,779 main 104152 127420801443328 Chunk 31 written: 104857600 bytes
INFO 2025-06-01 16:35:31,817 main 104152 127420801443328 Chunk 31 upload successful
INFO 2025-06-01 16:35:32,482 main 104152 127420801443328 Uploading chunk 32/213 for file train.zip
INFO 2025-06-01 16:35:32,566 main 104152 127420801443328 Chunk 32 written: 104857600 bytes
INFO 2025-06-01 16:35:32,574 main 104152 127420801443328 Chunk 32 upload successful
INFO 2025-06-01 16:35:33,216 main 104152 127420801443328 Uploading chunk 33/213 for file train.zip
INFO 2025-06-01 16:35:33,297 main 104152 127420801443328 Chunk 33 written: 104857600 bytes
INFO 2025-06-01 16:35:33,307 main 104152 127420801443328 Chunk 33 upload successful
INFO 2025-06-01 16:35:33,975 main 104152 127420801443328 Uploading chunk 34/213 for file train.zip
INFO 2025-06-01 16:35:34,060 main 104152 127420801443328 Chunk 34 written: 104857600 bytes
INFO 2025-06-01 16:35:34,110 main 104152 127420801443328 Chunk 34 upload successful
INFO 2025-06-01 16:35:34,975 main 104152 127420801443328 Uploading chunk 35/213 for file train.zip
INFO 2025-06-01 16:35:35,053 main 104152 127420801443328 Chunk 35 written: 104857600 bytes
INFO 2025-06-01 16:35:35,065 main 104152 127420801443328 Chunk 35 upload successful
INFO 2025-06-01 16:35:35,685 main 104152 127420801443328 Uploading chunk 36/213 for file train.zip
INFO 2025-06-01 16:35:35,770 main 104152 127420801443328 Chunk 36 written: 104857600 bytes
INFO 2025-06-01 16:35:35,778 main 104152 127420801443328 Chunk 36 upload successful
INFO 2025-06-01 16:35:36,441 main 104152 127420801443328 Uploading chunk 37/213 for file train.zip
INFO 2025-06-01 16:35:36,519 main 104152 127420801443328 Chunk 37 written: 104857600 bytes
INFO 2025-06-01 16:35:36,527 main 104152 127420801443328 Chunk 37 upload successful
INFO 2025-06-01 16:35:37,215 main 104152 127420801443328 Uploading chunk 38/213 for file train.zip
INFO 2025-06-01 16:35:37,294 main 104152 127420801443328 Chunk 38 written: 104857600 bytes
INFO 2025-06-01 16:35:37,301 main 104152 127420801443328 Chunk 38 upload successful
INFO 2025-06-01 16:35:37,971 main 104152 127420801443328 Uploading chunk 39/213 for file train.zip
INFO 2025-06-01 16:35:38,056 main 104152 127420801443328 Chunk 39 written: 104857600 bytes
INFO 2025-06-01 16:35:38,066 main 104152 127420801443328 Chunk 39 upload successful
INFO 2025-06-01 16:35:38,728 main 104152 127420801443328 Uploading chunk 40/213 for file train.zip
INFO 2025-06-01 16:35:38,807 main 104152 127420801443328 Chunk 40 written: 104857600 bytes
INFO 2025-06-01 16:35:38,816 main 104152 127420801443328 Chunk 40 upload successful
INFO 2025-06-01 16:35:39,458 main 104152 127420801443328 Uploading chunk 41/213 for file train.zip
INFO 2025-06-01 16:35:39,540 main 104152 127420801443328 Chunk 41 written: 104857600 bytes
INFO 2025-06-01 16:35:39,547 main 104152 127420801443328 Chunk 41 upload successful
INFO 2025-06-01 16:35:40,185 main 104152 127420801443328 Uploading chunk 42/213 for file train.zip
INFO 2025-06-01 16:35:40,264 main 104152 127420801443328 Chunk 42 written: 104857600 bytes
INFO 2025-06-01 16:35:40,273 main 104152 127420801443328 Chunk 42 upload successful
INFO 2025-06-01 16:35:40,939 main 104152 127420801443328 Uploading chunk 43/213 for file train.zip
INFO 2025-06-01 16:35:41,021 main 104152 127420801443328 Chunk 43 written: 104857600 bytes
INFO 2025-06-01 16:35:41,029 main 104152 127420801443328 Chunk 43 upload successful
INFO 2025-06-01 16:35:41,688 main 104152 127420801443328 Uploading chunk 44/213 for file train.zip
INFO 2025-06-01 16:35:41,771 main 104152 127420801443328 Chunk 44 written: 104857600 bytes
INFO 2025-06-01 16:35:41,778 main 104152 127420801443328 Chunk 44 upload successful
INFO 2025-06-01 16:35:42,411 main 104152 127420801443328 Uploading chunk 45/213 for file train.zip
INFO 2025-06-01 16:35:42,488 main 104152 127420801443328 Chunk 45 written: 104857600 bytes
INFO 2025-06-01 16:35:42,495 main 104152 127420801443328 Chunk 45 upload successful
INFO 2025-06-01 16:35:43,159 main 104152 127420801443328 Uploading chunk 46/213 for file train.zip
INFO 2025-06-01 16:35:43,247 main 104152 127420801443328 Chunk 46 written: 104857600 bytes
INFO 2025-06-01 16:35:43,258 main 104152 127420801443328 Chunk 46 upload successful
INFO 2025-06-01 16:35:43,905 main 104152 127420801443328 Uploading chunk 47/213 for file train.zip
INFO 2025-06-01 16:35:43,989 main 104152 127420801443328 Chunk 47 written: 104857600 bytes
INFO 2025-06-01 16:35:44,032 main 104152 127420801443328 Chunk 47 upload successful
INFO 2025-06-01 16:35:44,686 main 104152 127420801443328 Uploading chunk 48/213 for file train.zip
INFO 2025-06-01 16:35:44,771 main 104152 127420801443328 Chunk 48 written: 104857600 bytes
INFO 2025-06-01 16:35:44,778 main 104152 127420801443328 Chunk 48 upload successful
INFO 2025-06-01 16:35:45,444 main 104152 127420801443328 Uploading chunk 49/213 for file train.zip
INFO 2025-06-01 16:35:45,523 main 104152 127420801443328 Chunk 49 written: 104857600 bytes
INFO 2025-06-01 16:35:45,531 main 104152 127420801443328 Chunk 49 upload successful
INFO 2025-06-01 16:35:46,229 main 104152 127420801443328 Uploading chunk 50/213 for file train.zip
INFO 2025-06-01 16:35:46,305 main 104152 127420801443328 Chunk 50 written: 104857600 bytes
INFO 2025-06-01 16:35:46,349 main 104152 127420801443328 Chunk 50 upload successful
INFO 2025-06-01 16:35:47,976 main 104152 127420801443328 Uploading chunk 51/213 for file train.zip
INFO 2025-06-01 16:35:48,055 main 104152 127420801443328 Chunk 51 written: 104857600 bytes
INFO 2025-06-01 16:35:48,085 main 104152 127420801443328 Chunk 51 upload successful
INFO 2025-06-01 16:35:49,651 main 104152 127420801443328 Uploading chunk 52/213 for file train.zip
INFO 2025-06-01 16:35:49,756 main 104152 127420801443328 Chunk 52 written: 104857600 bytes
INFO 2025-06-01 16:35:49,785 main 104152 127420801443328 Chunk 52 upload successful
INFO 2025-06-01 16:35:51,510 main 104152 127420801443328 Uploading chunk 53/213 for file train.zip
INFO 2025-06-01 16:35:51,588 main 104152 127420801443328 Chunk 53 written: 104857600 bytes
INFO 2025-06-01 16:35:51,614 main 104152 127420801443328 Chunk 53 upload successful
INFO 2025-06-01 16:35:53,166 main 104152 127420801443328 Uploading chunk 54/213 for file train.zip
INFO 2025-06-01 16:35:53,244 main 104152 127420801443328 Chunk 54 written: 104857600 bytes
INFO 2025-06-01 16:35:53,273 main 104152 127420801443328 Chunk 54 upload successful
INFO 2025-06-01 16:35:54,844 main 104152 127420801443328 Uploading chunk 55/213 for file train.zip
INFO 2025-06-01 16:35:54,927 main 104152 127420801443328 Chunk 55 written: 104857600 bytes
INFO 2025-06-01 16:35:54,960 main 104152 127420801443328 Chunk 55 upload successful
INFO 2025-06-01 16:35:56,580 main 104152 127420801443328 Uploading chunk 56/213 for file train.zip
INFO 2025-06-01 16:35:56,660 main 104152 127420801443328 Chunk 56 written: 104857600 bytes
INFO 2025-06-01 16:35:56,689 main 104152 127420801443328 Chunk 56 upload successful
INFO 2025-06-01 16:35:58,260 main 104152 127420801443328 Uploading chunk 57/213 for file train.zip
INFO 2025-06-01 16:35:58,335 main 104152 127420801443328 Chunk 57 written: 104857600 bytes
INFO 2025-06-01 16:35:58,374 main 104152 127420801443328 Chunk 57 upload successful
INFO 2025-06-01 16:35:59,866 main 104152 127420801443328 Uploading chunk 58/213 for file train.zip
INFO 2025-06-01 16:35:59,954 main 104152 127420801443328 Chunk 58 written: 104857600 bytes
INFO 2025-06-01 16:35:59,998 main 104152 127420801443328 Chunk 58 upload successful
INFO 2025-06-01 16:36:01,607 main 104152 127420801443328 Uploading chunk 59/213 for file train.zip
INFO 2025-06-01 16:36:01,690 main 104152 127420801443328 Chunk 59 written: 104857600 bytes
INFO 2025-06-01 16:36:01,724 main 104152 127420801443328 Chunk 59 upload successful
INFO 2025-06-01 16:36:03,180 main 104152 127420801443328 Uploading chunk 60/213 for file train.zip
INFO 2025-06-01 16:36:03,259 main 104152 127420801443328 Chunk 60 written: 104857600 bytes
INFO 2025-06-01 16:36:03,288 main 104152 127420801443328 Chunk 60 upload successful
INFO 2025-06-01 16:36:04,373 main 104152 127420801443328 Uploading chunk 61/213 for file train.zip
INFO 2025-06-01 16:36:04,463 main 104152 127420801443328 Chunk 61 written: 104857600 bytes
INFO 2025-06-01 16:36:04,476 main 104152 127420801443328 Chunk 61 upload successful
INFO 2025-06-01 16:36:05,179 main 104152 127420801443328 Uploading chunk 62/213 for file train.zip
INFO 2025-06-01 16:36:05,260 main 104152 127420801443328 Chunk 62 written: 104857600 bytes
INFO 2025-06-01 16:36:05,271 main 104152 127420801443328 Chunk 62 upload successful
INFO 2025-06-01 16:36:05,958 main 104152 127420801443328 Uploading chunk 63/213 for file train.zip
INFO 2025-06-01 16:36:06,041 main 104152 127420801443328 Chunk 63 written: 104857600 bytes
INFO 2025-06-01 16:36:06,049 main 104152 127420801443328 Chunk 63 upload successful
INFO 2025-06-01 16:36:06,673 main 104152 127420801443328 Uploading chunk 64/213 for file train.zip
INFO 2025-06-01 16:36:06,759 main 104152 127420801443328 Chunk 64 written: 104857600 bytes
INFO 2025-06-01 16:36:06,767 main 104152 127420801443328 Chunk 64 upload successful
INFO 2025-06-01 16:36:07,397 main 104152 127420801443328 Uploading chunk 65/213 for file train.zip
INFO 2025-06-01 16:36:07,480 main 104152 127420801443328 Chunk 65 written: 104857600 bytes
INFO 2025-06-01 16:36:07,488 main 104152 127420801443328 Chunk 65 upload successful
INFO 2025-06-01 16:36:08,149 main 104152 127420801443328 Uploading chunk 66/213 for file train.zip
INFO 2025-06-01 16:36:08,233 main 104152 127420801443328 Chunk 66 written: 104857600 bytes
INFO 2025-06-01 16:36:08,241 main 104152 127420801443328 Chunk 66 upload successful
INFO 2025-06-01 16:36:08,901 main 104152 127420801443328 Uploading chunk 67/213 for file train.zip
INFO 2025-06-01 16:36:08,997 main 104152 127420801443328 Chunk 67 written: 104857600 bytes
INFO 2025-06-01 16:36:09,051 main 104152 127420801443328 Chunk 67 upload successful
INFO 2025-06-01 16:36:09,719 main 104152 127420801443328 Uploading chunk 68/213 for file train.zip
INFO 2025-06-01 16:36:09,804 main 104152 127420801443328 Chunk 68 written: 104857600 bytes
INFO 2025-06-01 16:36:09,812 main 104152 127420801443328 Chunk 68 upload successful
INFO 2025-06-01 16:36:10,469 main 104152 127420801443328 Uploading chunk 69/213 for file train.zip
INFO 2025-06-01 16:36:10,549 main 104152 127420801443328 Chunk 69 written: 104857600 bytes
INFO 2025-06-01 16:36:10,560 main 104152 127420801443328 Chunk 69 upload successful
INFO 2025-06-01 16:36:11,169 main 104152 127420801443328 Uploading chunk 70/213 for file train.zip
INFO 2025-06-01 16:36:11,257 main 104152 127420801443328 Chunk 70 written: 104857600 bytes
INFO 2025-06-01 16:36:11,316 main 104152 127420801443328 Chunk 70 upload successful
INFO 2025-06-01 16:36:11,991 main 104152 127420801443328 Uploading chunk 71/213 for file train.zip
INFO 2025-06-01 16:36:12,068 main 104152 127420801443328 Chunk 71 written: 104857600 bytes
INFO 2025-06-01 16:36:12,075 main 104152 127420801443328 Chunk 71 upload successful
INFO 2025-06-01 16:36:12,742 main 104152 127420801443328 Uploading chunk 72/213 for file train.zip
INFO 2025-06-01 16:36:12,818 main 104152 127420801443328 Chunk 72 written: 104857600 bytes
INFO 2025-06-01 16:36:12,829 main 104152 127420801443328 Chunk 72 upload successful
INFO 2025-06-01 16:36:13,474 main 104152 127420801443328 Uploading chunk 73/213 for file train.zip
INFO 2025-06-01 16:36:13,557 main 104152 127420801443328 Chunk 73 written: 104857600 bytes
INFO 2025-06-01 16:36:13,600 main 104152 127420801443328 Chunk 73 upload successful
INFO 2025-06-01 16:36:14,537 main 104152 127420801443328 Uploading chunk 74/213 for file train.zip
INFO 2025-06-01 16:36:14,617 main 104152 127420801443328 Chunk 74 written: 104857600 bytes
INFO 2025-06-01 16:36:14,625 main 104152 127420801443328 Chunk 74 upload successful
INFO 2025-06-01 16:36:15,287 main 104152 127420801443328 Uploading chunk 75/213 for file train.zip
INFO 2025-06-01 16:36:15,367 main 104152 127420801443328 Chunk 75 written: 104857600 bytes
INFO 2025-06-01 16:36:15,374 main 104152 127420801443328 Chunk 75 upload successful
INFO 2025-06-01 16:36:16,034 main 104152 127420801443328 Uploading chunk 76/213 for file train.zip
INFO 2025-06-01 16:36:16,118 main 104152 127420801443328 Chunk 76 written: 104857600 bytes
INFO 2025-06-01 16:36:16,126 main 104152 127420801443328 Chunk 76 upload successful
INFO 2025-06-01 16:36:16,827 main 104152 127420801443328 Uploading chunk 77/213 for file train.zip
INFO 2025-06-01 16:36:16,916 main 104152 127420801443328 Chunk 77 written: 104857600 bytes
INFO 2025-06-01 16:36:16,927 main 104152 127420801443328 Chunk 77 upload successful
INFO 2025-06-01 16:36:17,637 main 104152 127420801443328 Uploading chunk 78/213 for file train.zip
INFO 2025-06-01 16:36:17,727 main 104152 127420801443328 Chunk 78 written: 104857600 bytes
INFO 2025-06-01 16:36:17,735 main 104152 127420801443328 Chunk 78 upload successful
INFO 2025-06-01 16:36:18,404 main 104152 127420801443328 Uploading chunk 79/213 for file train.zip
INFO 2025-06-01 16:36:18,488 main 104152 127420801443328 Chunk 79 written: 104857600 bytes
INFO 2025-06-01 16:36:18,497 main 104152 127420801443328 Chunk 79 upload successful
INFO 2025-06-01 16:36:19,113 main 104152 127420801443328 Uploading chunk 80/213 for file train.zip
INFO 2025-06-01 16:36:19,202 main 104152 127420801443328 Chunk 80 written: 104857600 bytes
INFO 2025-06-01 16:36:19,211 main 104152 127420801443328 Chunk 80 upload successful
INFO 2025-06-01 16:36:19,891 main 104152 127420801443328 Uploading chunk 81/213 for file train.zip
INFO 2025-06-01 16:36:19,976 main 104152 127420801443328 Chunk 81 written: 104857600 bytes
INFO 2025-06-01 16:36:19,984 main 104152 127420801443328 Chunk 81 upload successful
INFO 2025-06-01 16:36:20,655 main 104152 127420801443328 Uploading chunk 82/213 for file train.zip
INFO 2025-06-01 16:36:20,748 main 104152 127420801443328 Chunk 82 written: 104857600 bytes
INFO 2025-06-01 16:36:20,757 main 104152 127420801443328 Chunk 82 upload successful
INFO 2025-06-01 16:36:21,435 main 104152 127420801443328 Uploading chunk 83/213 for file train.zip
INFO 2025-06-01 16:36:21,522 main 104152 127420801443328 Chunk 83 written: 104857600 bytes
INFO 2025-06-01 16:36:21,532 main 104152 127420801443328 Chunk 83 upload successful
INFO 2025-06-01 16:36:22,184 main 104152 127420801443328 Uploading chunk 84/213 for file train.zip
INFO 2025-06-01 16:36:22,268 main 104152 127420801443328 Chunk 84 written: 104857600 bytes
INFO 2025-06-01 16:36:22,276 main 104152 127420801443328 Chunk 84 upload successful
INFO 2025-06-01 16:36:22,931 main 104152 127420801443328 Uploading chunk 85/213 for file train.zip
INFO 2025-06-01 16:36:23,012 main 104152 127420801443328 Chunk 85 written: 104857600 bytes
INFO 2025-06-01 16:36:23,020 main 104152 127420801443328 Chunk 85 upload successful
INFO 2025-06-01 16:36:23,690 main 104152 127420801443328 Uploading chunk 86/213 for file train.zip
INFO 2025-06-01 16:36:23,771 main 104152 127420801443328 Chunk 86 written: 104857600 bytes
INFO 2025-06-01 16:36:23,780 main 104152 127420801443328 Chunk 86 upload successful
INFO 2025-06-01 16:36:24,418 main 104152 127420801443328 Uploading chunk 87/213 for file train.zip
INFO 2025-06-01 16:36:24,507 main 104152 127420801443328 Chunk 87 written: 104857600 bytes
INFO 2025-06-01 16:36:24,545 main 104152 127420801443328 Chunk 87 upload successful
INFO 2025-06-01 16:36:25,221 main 104152 127420801443328 Uploading chunk 88/213 for file train.zip
INFO 2025-06-01 16:36:25,306 main 104152 127420801443328 Chunk 88 written: 104857600 bytes
INFO 2025-06-01 16:36:25,314 main 104152 127420801443328 Chunk 88 upload successful
INFO 2025-06-01 16:36:25,967 main 104152 127420801443328 Uploading chunk 89/213 for file train.zip
INFO 2025-06-01 16:36:26,060 main 104152 127420801443328 Chunk 89 written: 104857600 bytes
INFO 2025-06-01 16:36:26,068 main 104152 127420801443328 Chunk 89 upload successful
INFO 2025-06-01 16:36:26,722 main 104152 127420801443328 Uploading chunk 90/213 for file train.zip
INFO 2025-06-01 16:36:26,806 main 104152 127420801443328 Chunk 90 written: 104857600 bytes
INFO 2025-06-01 16:36:26,853 main 104152 127420801443328 Chunk 90 upload successful
INFO 2025-06-01 16:36:27,532 main 104152 127420801443328 Uploading chunk 91/213 for file train.zip
INFO 2025-06-01 16:36:27,621 main 104152 127420801443328 Chunk 91 written: 104857600 bytes
INFO 2025-06-01 16:36:27,629 main 104152 127420801443328 Chunk 91 upload successful
INFO 2025-06-01 16:36:28,293 main 104152 127420801443328 Uploading chunk 92/213 for file train.zip
INFO 2025-06-01 16:36:28,381 main 104152 127420801443328 Chunk 92 written: 104857600 bytes
INFO 2025-06-01 16:36:28,389 main 104152 127420801443328 Chunk 92 upload successful
INFO 2025-06-01 16:36:29,055 main 104152 127420801443328 Uploading chunk 93/213 for file train.zip
INFO 2025-06-01 16:36:29,137 main 104152 127420801443328 Chunk 93 written: 104857600 bytes
INFO 2025-06-01 16:36:29,163 main 104152 127420801443328 Chunk 93 upload successful
INFO 2025-06-01 16:36:29,852 main 104152 127420801443328 Uploading chunk 94/213 for file train.zip
INFO 2025-06-01 16:36:29,935 main 104152 127420801443328 Chunk 94 written: 104857600 bytes
INFO 2025-06-01 16:36:29,945 main 104152 127420801443328 Chunk 94 upload successful
INFO 2025-06-01 16:36:30,599 main 104152 127420801443328 Uploading chunk 95/213 for file train.zip
INFO 2025-06-01 16:36:30,686 main 104152 127420801443328 Chunk 95 written: 104857600 bytes
INFO 2025-06-01 16:36:30,694 main 104152 127420801443328 Chunk 95 upload successful
INFO 2025-06-01 16:36:31,394 main 104152 127420801443328 Uploading chunk 96/213 for file train.zip
INFO 2025-06-01 16:36:31,478 main 104152 127420801443328 Chunk 96 written: 104857600 bytes
INFO 2025-06-01 16:36:31,515 main 104152 127420801443328 Chunk 96 upload successful
INFO 2025-06-01 16:36:32,438 main 104152 127420801443328 Uploading chunk 97/213 for file train.zip
INFO 2025-06-01 16:36:32,521 main 104152 127420801443328 Chunk 97 written: 104857600 bytes
INFO 2025-06-01 16:36:32,530 main 104152 127420801443328 Chunk 97 upload successful
INFO 2025-06-01 16:36:33,220 main 104152 127420801443328 Uploading chunk 98/213 for file train.zip
INFO 2025-06-01 16:36:33,300 main 104152 127420801443328 Chunk 98 written: 104857600 bytes
INFO 2025-06-01 16:36:33,308 main 104152 127420801443328 Chunk 98 upload successful
INFO 2025-06-01 16:36:34,008 main 104152 127420801443328 Uploading chunk 99/213 for file train.zip
INFO 2025-06-01 16:36:34,089 main 104152 127420801443328 Chunk 99 written: 104857600 bytes
INFO 2025-06-01 16:36:34,098 main 104152 127420801443328 Chunk 99 upload successful
INFO 2025-06-01 16:36:34,756 main 104152 127420801443328 Uploading chunk 100/213 for file train.zip
INFO 2025-06-01 16:36:34,837 main 104152 127420801443328 Chunk 100 written: 104857600 bytes
INFO 2025-06-01 16:36:34,846 main 104152 127420801443328 Chunk 100 upload successful
INFO 2025-06-01 16:36:35,524 main 104152 127420801443328 Uploading chunk 101/213 for file train.zip
INFO 2025-06-01 16:36:35,604 main 104152 127420801443328 Chunk 101 written: 104857600 bytes
INFO 2025-06-01 16:36:35,613 main 104152 127420801443328 Chunk 101 upload successful
INFO 2025-06-01 16:36:36,306 main 104152 127420801443328 Uploading chunk 102/213 for file train.zip
INFO 2025-06-01 16:36:36,395 main 104152 127420801443328 Chunk 102 written: 104857600 bytes
INFO 2025-06-01 16:36:36,403 main 104152 127420801443328 Chunk 102 upload successful
INFO 2025-06-01 16:36:37,048 main 104152 127420801443328 Uploading chunk 103/213 for file train.zip
INFO 2025-06-01 16:36:37,132 main 104152 127420801443328 Chunk 103 written: 104857600 bytes
INFO 2025-06-01 16:36:37,141 main 104152 127420801443328 Chunk 103 upload successful
INFO 2025-06-01 16:36:37,792 main 104152 127420801443328 Uploading chunk 104/213 for file train.zip
INFO 2025-06-01 16:36:37,874 main 104152 127420801443328 Chunk 104 written: 104857600 bytes
INFO 2025-06-01 16:36:37,881 main 104152 127420801443328 Chunk 104 upload successful
INFO 2025-06-01 16:36:38,540 main 104152 127420801443328 Uploading chunk 105/213 for file train.zip
INFO 2025-06-01 16:36:38,621 main 104152 127420801443328 Chunk 105 written: 104857600 bytes
INFO 2025-06-01 16:36:38,629 main 104152 127420801443328 Chunk 105 upload successful
INFO 2025-06-01 16:36:39,276 main 104152 127420801443328 Uploading chunk 106/213 for file train.zip
INFO 2025-06-01 16:36:39,357 main 104152 127420801443328 Chunk 106 written: 104857600 bytes
INFO 2025-06-01 16:36:39,366 main 104152 127420801443328 Chunk 106 upload successful
INFO 2025-06-01 16:36:39,986 main 104152 127420801443328 Uploading chunk 107/213 for file train.zip
INFO 2025-06-01 16:36:40,065 main 104152 127420801443328 Chunk 107 written: 104857600 bytes
INFO 2025-06-01 16:36:40,117 main 104152 127420801443328 Chunk 107 upload successful
INFO 2025-06-01 16:36:40,803 main 104152 127420801443328 Uploading chunk 108/213 for file train.zip
INFO 2025-06-01 16:36:40,884 main 104152 127420801443328 Chunk 108 written: 104857600 bytes
INFO 2025-06-01 16:36:40,891 main 104152 127420801443328 Chunk 108 upload successful
INFO 2025-06-01 16:36:41,491 main 104152 127420801443328 Uploading chunk 109/213 for file train.zip
INFO 2025-06-01 16:36:41,571 main 104152 127420801443328 Chunk 109 written: 104857600 bytes
INFO 2025-06-01 16:36:41,580 main 104152 127420801443328 Chunk 109 upload successful
INFO 2025-06-01 16:36:42,222 main 104152 127420801443328 Uploading chunk 110/213 for file train.zip
INFO 2025-06-01 16:36:42,302 main 104152 127420801443328 Chunk 110 written: 104857600 bytes
INFO 2025-06-01 16:36:42,416 main 104152 127420801443328 Chunk 110 upload successful
INFO 2025-06-01 16:36:43,051 main 104152 127420801443328 Uploading chunk 111/213 for file train.zip
INFO 2025-06-01 16:36:43,135 main 104152 127420801443328 Chunk 111 written: 104857600 bytes
INFO 2025-06-01 16:36:43,143 main 104152 127420801443328 Chunk 111 upload successful
INFO 2025-06-01 16:36:43,767 main 104152 127420801443328 Uploading chunk 112/213 for file train.zip
INFO 2025-06-01 16:36:43,847 main 104152 127420801443328 Chunk 112 written: 104857600 bytes
INFO 2025-06-01 16:36:43,854 main 104152 127420801443328 Chunk 112 upload successful
INFO 2025-06-01 16:36:44,509 main 104152 127420801443328 Uploading chunk 113/213 for file train.zip
INFO 2025-06-01 16:36:44,590 main 104152 127420801443328 Chunk 113 written: 104857600 bytes
INFO 2025-06-01 16:36:44,626 main 104152 127420801443328 Chunk 113 upload successful
INFO 2025-06-01 16:36:45,580 main 104152 127420801443328 Uploading chunk 114/213 for file train.zip
INFO 2025-06-01 16:36:45,661 main 104152 127420801443328 Chunk 114 written: 104857600 bytes
INFO 2025-06-01 16:36:45,669 main 104152 127420801443328 Chunk 114 upload successful
INFO 2025-06-01 16:36:46,318 main 104152 127420801443328 Uploading chunk 115/213 for file train.zip
INFO 2025-06-01 16:36:46,398 main 104152 127420801443328 Chunk 115 written: 104857600 bytes
INFO 2025-06-01 16:36:46,406 main 104152 127420801443328 Chunk 115 upload successful
INFO 2025-06-01 16:36:47,062 main 104152 127420801443328 Uploading chunk 116/213 for file train.zip
INFO 2025-06-01 16:36:47,143 main 104152 127420801443328 Chunk 116 written: 104857600 bytes
INFO 2025-06-01 16:36:47,150 main 104152 127420801443328 Chunk 116 upload successful
INFO 2025-06-01 16:36:47,799 main 104152 127420801443328 Uploading chunk 117/213 for file train.zip
INFO 2025-06-01 16:36:47,882 main 104152 127420801443328 Chunk 117 written: 104857600 bytes
INFO 2025-06-01 16:36:47,895 main 104152 127420801443328 Chunk 117 upload successful
INFO 2025-06-01 16:36:48,566 main 104152 127420801443328 Uploading chunk 118/213 for file train.zip
INFO 2025-06-01 16:36:48,656 main 104152 127420801443328 Chunk 118 written: 104857600 bytes
INFO 2025-06-01 16:36:48,663 main 104152 127420801443328 Chunk 118 upload successful
INFO 2025-06-01 16:36:49,377 main 104152 127420801443328 Uploading chunk 119/213 for file train.zip
INFO 2025-06-01 16:36:49,458 main 104152 127420801443328 Chunk 119 written: 104857600 bytes
INFO 2025-06-01 16:36:49,466 main 104152 127420801443328 Chunk 119 upload successful
INFO 2025-06-01 16:36:50,086 main 104152 127420801443328 Uploading chunk 120/213 for file train.zip
INFO 2025-06-01 16:36:50,168 main 104152 127420801443328 Chunk 120 written: 104857600 bytes
INFO 2025-06-01 16:36:50,181 main 104152 127420801443328 Chunk 120 upload successful
INFO 2025-06-01 16:36:50,842 main 104152 127420801443328 Uploading chunk 121/213 for file train.zip
INFO 2025-06-01 16:36:50,924 main 104152 127420801443328 Chunk 121 written: 104857600 bytes
INFO 2025-06-01 16:36:50,934 main 104152 127420801443328 Chunk 121 upload successful
INFO 2025-06-01 16:36:51,629 main 104152 127420801443328 Uploading chunk 122/213 for file train.zip
INFO 2025-06-01 16:36:51,713 main 104152 127420801443328 Chunk 122 written: 104857600 bytes
INFO 2025-06-01 16:36:51,722 main 104152 127420801443328 Chunk 122 upload successful
INFO 2025-06-01 16:36:52,361 main 104152 127420801443328 Uploading chunk 123/213 for file train.zip
INFO 2025-06-01 16:36:52,442 main 104152 127420801443328 Chunk 123 written: 104857600 bytes
INFO 2025-06-01 16:36:52,451 main 104152 127420801443328 Chunk 123 upload successful
INFO 2025-06-01 16:36:53,087 main 104152 127420801443328 Uploading chunk 124/213 for file train.zip
INFO 2025-06-01 16:36:53,169 main 104152 127420801443328 Chunk 124 written: 104857600 bytes
INFO 2025-06-01 16:36:53,176 main 104152 127420801443328 Chunk 124 upload successful
INFO 2025-06-01 16:36:53,821 main 104152 127420801443328 Uploading chunk 125/213 for file train.zip
INFO 2025-06-01 16:36:53,904 main 104152 127420801443328 Chunk 125 written: 104857600 bytes
INFO 2025-06-01 16:36:53,911 main 104152 127420801443328 Chunk 125 upload successful
INFO 2025-06-01 16:36:54,544 main 104152 127420801443328 Uploading chunk 126/213 for file train.zip
INFO 2025-06-01 16:36:54,628 main 104152 127420801443328 Chunk 126 written: 104857600 bytes
INFO 2025-06-01 16:36:54,636 main 104152 127420801443328 Chunk 126 upload successful
INFO 2025-06-01 16:36:55,290 main 104152 127420801443328 Uploading chunk 127/213 for file train.zip
INFO 2025-06-01 16:36:55,370 main 104152 127420801443328 Chunk 127 written: 104857600 bytes
INFO 2025-06-01 16:36:55,379 main 104152 127420801443328 Chunk 127 upload successful
INFO 2025-06-01 16:36:56,036 main 104152 127420801443328 Uploading chunk 128/213 for file train.zip
INFO 2025-06-01 16:36:56,114 main 104152 127420801443328 Chunk 128 written: 104857600 bytes
INFO 2025-06-01 16:36:56,169 main 104152 127420801443328 Chunk 128 upload successful
INFO 2025-06-01 16:36:56,819 main 104152 127420801443328 Uploading chunk 129/213 for file train.zip
INFO 2025-06-01 16:36:56,902 main 104152 127420801443328 Chunk 129 written: 104857600 bytes
INFO 2025-06-01 16:36:56,910 main 104152 127420801443328 Chunk 129 upload successful
INFO 2025-06-01 16:36:57,589 main 104152 127420801443328 Uploading chunk 130/213 for file train.zip
INFO 2025-06-01 16:36:57,667 main 104152 127420801443328 Chunk 130 written: 104857600 bytes
INFO 2025-06-01 16:36:57,678 main 104152 127420801443328 Chunk 130 upload successful
INFO 2025-06-01 16:36:58,366 main 104152 127420801443328 Uploading chunk 131/213 for file train.zip
INFO 2025-06-01 16:36:58,453 main 104152 127420801443328 Chunk 131 written: 104857600 bytes
INFO 2025-06-01 16:36:58,460 main 104152 127420801443328 Chunk 131 upload successful
INFO 2025-06-01 16:36:59,116 main 104152 127420801443328 Uploading chunk 132/213 for file train.zip
INFO 2025-06-01 16:36:59,205 main 104152 127420801443328 Chunk 132 written: 104857600 bytes
INFO 2025-06-01 16:36:59,241 main 104152 127420801443328 Chunk 132 upload successful
INFO 2025-06-01 16:36:59,890 main 104152 127420801443328 Uploading chunk 133/213 for file train.zip
INFO 2025-06-01 16:36:59,977 main 104152 127420801443328 Chunk 133 written: 104857600 bytes
INFO 2025-06-01 16:36:59,984 main 104152 127420801443328 Chunk 133 upload successful
INFO 2025-06-01 16:37:00,658 main 104152 127420801443328 Uploading chunk 134/213 for file train.zip
INFO 2025-06-01 16:37:00,742 main 104152 127420801443328 Chunk 134 written: 104857600 bytes
INFO 2025-06-01 16:37:00,749 main 104152 127420801443328 Chunk 134 upload successful
INFO 2025-06-01 16:37:01,409 main 104152 127420801443328 Uploading chunk 135/213 for file train.zip
INFO 2025-06-01 16:37:01,497 main 104152 127420801443328 Chunk 135 written: 104857600 bytes
INFO 2025-06-01 16:37:01,517 main 104152 127420801443328 Chunk 135 upload successful
INFO 2025-06-01 16:37:02,425 main 104152 127420801443328 Uploading chunk 136/213 for file train.zip
INFO 2025-06-01 16:37:02,510 main 104152 127420801443328 Chunk 136 written: 104857600 bytes
INFO 2025-06-01 16:37:02,519 main 104152 127420801443328 Chunk 136 upload successful
INFO 2025-06-01 16:37:03,168 main 104152 127420801443328 Uploading chunk 137/213 for file train.zip
INFO 2025-06-01 16:37:03,254 main 104152 127420801443328 Chunk 137 written: 104857600 bytes
INFO 2025-06-01 16:37:03,264 main 104152 127420801443328 Chunk 137 upload successful
INFO 2025-06-01 16:37:03,919 main 104152 127420801443328 Uploading chunk 138/213 for file train.zip
INFO 2025-06-01 16:37:04,003 main 104152 127420801443328 Chunk 138 written: 104857600 bytes
INFO 2025-06-01 16:37:04,013 main 104152 127420801443328 Chunk 138 upload successful
INFO 2025-06-01 16:37:04,701 main 104152 127420801443328 Uploading chunk 139/213 for file train.zip
INFO 2025-06-01 16:37:04,782 main 104152 127420801443328 Chunk 139 written: 104857600 bytes
INFO 2025-06-01 16:37:04,789 main 104152 127420801443328 Chunk 139 upload successful
INFO 2025-06-01 16:37:05,441 main 104152 127420801443328 Uploading chunk 140/213 for file train.zip
INFO 2025-06-01 16:37:05,527 main 104152 127420801443328 Chunk 140 written: 104857600 bytes
INFO 2025-06-01 16:37:05,537 main 104152 127420801443328 Chunk 140 upload successful
INFO 2025-06-01 16:37:06,168 main 104152 127420801443328 Uploading chunk 141/213 for file train.zip
INFO 2025-06-01 16:37:06,253 main 104152 127420801443328 Chunk 141 written: 104857600 bytes
INFO 2025-06-01 16:37:06,263 main 104152 127420801443328 Chunk 141 upload successful
INFO 2025-06-01 16:37:06,941 main 104152 127420801443328 Uploading chunk 142/213 for file train.zip
INFO 2025-06-01 16:37:07,024 main 104152 127420801443328 Chunk 142 written: 104857600 bytes
INFO 2025-06-01 16:37:07,032 main 104152 127420801443328 Chunk 142 upload successful
INFO 2025-06-01 16:37:07,655 main 104152 127420801443328 Uploading chunk 143/213 for file train.zip
INFO 2025-06-01 16:37:07,736 main 104152 127420801443328 Chunk 143 written: 104857600 bytes
INFO 2025-06-01 16:37:07,748 main 104152 127420801443328 Chunk 143 upload successful
INFO 2025-06-01 16:37:08,400 main 104152 127420801443328 Uploading chunk 144/213 for file train.zip
INFO 2025-06-01 16:37:08,487 main 104152 127420801443328 Chunk 144 written: 104857600 bytes
INFO 2025-06-01 16:37:08,495 main 104152 127420801443328 Chunk 144 upload successful
INFO 2025-06-01 16:37:09,154 main 104152 127420801443328 Uploading chunk 145/213 for file train.zip
INFO 2025-06-01 16:37:09,239 main 104152 127420801443328 Chunk 145 written: 104857600 bytes
INFO 2025-06-01 16:37:09,246 main 104152 127420801443328 Chunk 145 upload successful
INFO 2025-06-01 16:37:09,849 main 104152 127420801443328 Uploading chunk 146/213 for file train.zip
INFO 2025-06-01 16:37:09,929 main 104152 127420801443328 Chunk 146 written: 104857600 bytes
INFO 2025-06-01 16:37:09,937 main 104152 127420801443328 Chunk 146 upload successful
INFO 2025-06-01 16:37:10,637 main 104152 127420801443328 Uploading chunk 147/213 for file train.zip
INFO 2025-06-01 16:37:10,723 main 104152 127420801443328 Chunk 147 written: 104857600 bytes
INFO 2025-06-01 16:37:10,730 main 104152 127420801443328 Chunk 147 upload successful
INFO 2025-06-01 16:37:11,395 main 104152 127420801443328 Uploading chunk 148/213 for file train.zip
INFO 2025-06-01 16:37:11,478 main 104152 127420801443328 Chunk 148 written: 104857600 bytes
INFO 2025-06-01 16:37:11,486 main 104152 127420801443328 Chunk 148 upload successful
INFO 2025-06-01 16:37:12,145 main 104152 127420801443328 Uploading chunk 149/213 for file train.zip
INFO 2025-06-01 16:37:12,230 main 104152 127420801443328 Chunk 149 written: 104857600 bytes
INFO 2025-06-01 16:37:12,279 main 104152 127420801443328 Chunk 149 upload successful
INFO 2025-06-01 16:37:12,982 main 104152 127420801443328 Uploading chunk 150/213 for file train.zip
INFO 2025-06-01 16:37:13,064 main 104152 127420801443328 Chunk 150 written: 104857600 bytes
INFO 2025-06-01 16:37:13,074 main 104152 127420801443328 Chunk 150 upload successful
INFO 2025-06-01 16:37:13,796 main 104152 127420801443328 Uploading chunk 151/213 for file train.zip
INFO 2025-06-01 16:37:13,877 main 104152 127420801443328 Chunk 151 written: 104857600 bytes
INFO 2025-06-01 16:37:13,885 main 104152 127420801443328 Chunk 151 upload successful
INFO 2025-06-01 16:37:14,535 main 104152 127420801443328 Uploading chunk 152/213 for file train.zip
INFO 2025-06-01 16:37:14,635 main 104152 127420801443328 Chunk 152 written: 104857600 bytes
INFO 2025-06-01 16:37:14,643 main 104152 127420801443328 Chunk 152 upload successful
INFO 2025-06-01 16:37:15,310 main 104152 127420801443328 Uploading chunk 153/213 for file train.zip
INFO 2025-06-01 16:37:15,403 main 104152 127420801443328 Chunk 153 written: 104857600 bytes
INFO 2025-06-01 16:37:15,442 main 104152 127420801443328 Chunk 153 upload successful
INFO 2025-06-01 16:37:16,081 main 104152 127420801443328 Uploading chunk 154/213 for file train.zip
INFO 2025-06-01 16:37:16,179 main 104152 127420801443328 Chunk 154 written: 104857600 bytes
INFO 2025-06-01 16:37:16,191 main 104152 127420801443328 Chunk 154 upload successful
INFO 2025-06-01 16:37:16,791 main 104152 127420801443328 Uploading chunk 155/213 for file train.zip
INFO 2025-06-01 16:37:16,869 main 104152 127420801443328 Chunk 155 written: 104857600 bytes
INFO 2025-06-01 16:37:16,878 main 104152 127420801443328 Chunk 155 upload successful
INFO 2025-06-01 16:37:17,581 main 104152 127420801443328 Uploading chunk 156/213 for file train.zip
INFO 2025-06-01 16:37:17,684 main 104152 127420801443328 Chunk 156 written: 104857600 bytes
INFO 2025-06-01 16:37:17,742 main 104152 127420801443328 Chunk 156 upload successful
INFO 2025-06-01 16:37:18,636 main 104152 127420801443328 Uploading chunk 157/213 for file train.zip
INFO 2025-06-01 16:37:18,718 main 104152 127420801443328 Chunk 157 written: 104857600 bytes
INFO 2025-06-01 16:37:18,728 main 104152 127420801443328 Chunk 157 upload successful
INFO 2025-06-01 16:37:19,384 main 104152 127420801443328 Uploading chunk 158/213 for file train.zip
INFO 2025-06-01 16:37:19,468 main 104152 127420801443328 Chunk 158 written: 104857600 bytes
INFO 2025-06-01 16:37:19,476 main 104152 127420801443328 Chunk 158 upload successful
INFO 2025-06-01 16:37:20,120 main 104152 127420801443328 Uploading chunk 159/213 for file train.zip
INFO 2025-06-01 16:37:20,199 main 104152 127420801443328 Chunk 159 written: 104857600 bytes
INFO 2025-06-01 16:37:20,208 main 104152 127420801443328 Chunk 159 upload successful
INFO 2025-06-01 16:37:20,889 main 104152 127420801443328 Uploading chunk 160/213 for file train.zip
INFO 2025-06-01 16:37:20,969 main 104152 127420801443328 Chunk 160 written: 104857600 bytes
INFO 2025-06-01 16:37:20,979 main 104152 127420801443328 Chunk 160 upload successful
INFO 2025-06-01 16:37:21,653 main 104152 127420801443328 Uploading chunk 161/213 for file train.zip
INFO 2025-06-01 16:37:21,738 main 104152 127420801443328 Chunk 161 written: 104857600 bytes
INFO 2025-06-01 16:37:21,746 main 104152 127420801443328 Chunk 161 upload successful
INFO 2025-06-01 16:37:22,421 main 104152 127420801443328 Uploading chunk 162/213 for file train.zip
INFO 2025-06-01 16:37:22,505 main 104152 127420801443328 Chunk 162 written: 104857600 bytes
INFO 2025-06-01 16:37:22,513 main 104152 127420801443328 Chunk 162 upload successful
INFO 2025-06-01 16:37:23,204 main 104152 127420801443328 Uploading chunk 163/213 for file train.zip
INFO 2025-06-01 16:37:23,286 main 104152 127420801443328 Chunk 163 written: 104857600 bytes
INFO 2025-06-01 16:37:23,294 main 104152 127420801443328 Chunk 163 upload successful
INFO 2025-06-01 16:37:23,968 main 104152 127420801443328 Uploading chunk 164/213 for file train.zip
INFO 2025-06-01 16:37:24,052 main 104152 127420801443328 Chunk 164 written: 104857600 bytes
INFO 2025-06-01 16:37:24,060 main 104152 127420801443328 Chunk 164 upload successful
INFO 2025-06-01 16:37:24,728 main 104152 127420801443328 Uploading chunk 165/213 for file train.zip
INFO 2025-06-01 16:37:24,812 main 104152 127420801443328 Chunk 165 written: 104857600 bytes
INFO 2025-06-01 16:37:24,819 main 104152 127420801443328 Chunk 165 upload successful
INFO 2025-06-01 16:37:25,477 main 104152 127420801443328 Uploading chunk 166/213 for file train.zip
INFO 2025-06-01 16:37:25,561 main 104152 127420801443328 Chunk 166 written: 104857600 bytes
INFO 2025-06-01 16:37:25,571 main 104152 127420801443328 Chunk 166 upload successful
INFO 2025-06-01 16:37:26,220 main 104152 127420801443328 Uploading chunk 167/213 for file train.zip
INFO 2025-06-01 16:37:26,302 main 104152 127420801443328 Chunk 167 written: 104857600 bytes
INFO 2025-06-01 16:37:26,310 main 104152 127420801443328 Chunk 167 upload successful
INFO 2025-06-01 16:37:26,945 main 104152 127420801443328 Uploading chunk 168/213 for file train.zip
INFO 2025-06-01 16:37:27,031 main 104152 127420801443328 Chunk 168 written: 104857600 bytes
INFO 2025-06-01 16:37:27,040 main 104152 127420801443328 Chunk 168 upload successful
INFO 2025-06-01 16:37:27,709 main 104152 127420801443328 Uploading chunk 169/213 for file train.zip
INFO 2025-06-01 16:37:27,791 main 104152 127420801443328 Chunk 169 written: 104857600 bytes
INFO 2025-06-01 16:37:27,799 main 104152 127420801443328 Chunk 169 upload successful
INFO 2025-06-01 16:37:28,439 main 104152 127420801443328 Uploading chunk 170/213 for file train.zip
INFO 2025-06-01 16:37:28,528 main 104152 127420801443328 Chunk 170 written: 104857600 bytes
INFO 2025-06-01 16:37:28,663 main 104152 127420801443328 Chunk 170 upload successful
INFO 2025-06-01 16:37:30,181 main 104152 127420801443328 Uploading chunk 171/213 for file train.zip
INFO 2025-06-01 16:37:30,262 main 104152 127420801443328 Chunk 171 written: 104857600 bytes
INFO 2025-06-01 16:37:30,283 main 104152 127420801443328 Chunk 171 upload successful
INFO 2025-06-01 16:37:32,341 main 104152 127420801443328 Uploading chunk 172/213 for file train.zip
INFO 2025-06-01 16:37:32,422 main 104152 127420801443328 Chunk 172 written: 104857600 bytes
INFO 2025-06-01 16:37:32,473 main 104152 127420801443328 Chunk 172 upload successful
INFO 2025-06-01 16:37:34,105 main 104152 127420801443328 Uploading chunk 173/213 for file train.zip
INFO 2025-06-01 16:37:34,180 main 104152 127420801443328 Chunk 173 written: 104857600 bytes
INFO 2025-06-01 16:37:34,412 main 104152 127420801443328 Chunk 173 upload successful
INFO 2025-06-01 16:37:36,930 main 104152 127420801443328 Uploading chunk 174/213 for file train.zip
INFO 2025-06-01 16:37:37,014 main 104152 127420801443328 Chunk 174 written: 104857600 bytes
INFO 2025-06-01 16:37:37,040 main 104152 127420801443328 Chunk 174 upload successful
INFO 2025-06-01 16:37:38,579 main 104152 127420801443328 Uploading chunk 175/213 for file train.zip
INFO 2025-06-01 16:37:38,656 main 104152 127420801443328 Chunk 175 written: 104857600 bytes
INFO 2025-06-01 16:37:38,684 main 104152 127420801443328 Chunk 175 upload successful
INFO 2025-06-01 16:37:40,236 main 104152 127420801443328 Uploading chunk 176/213 for file train.zip
INFO 2025-06-01 16:37:40,321 main 104152 127420801443328 Chunk 176 written: 104857600 bytes
INFO 2025-06-01 16:37:40,354 main 104152 127420801443328 Chunk 176 upload successful
INFO 2025-06-01 16:37:41,920 main 104152 127420801443328 Uploading chunk 177/213 for file train.zip
INFO 2025-06-01 16:37:41,999 main 104152 127420801443328 Chunk 177 written: 104857600 bytes
INFO 2025-06-01 16:37:42,024 main 104152 127420801443328 Chunk 177 upload successful
INFO 2025-06-01 16:37:43,400 main 104152 127420801443328 Uploading chunk 178/213 for file train.zip
INFO 2025-06-01 16:37:43,480 main 104152 127420801443328 Chunk 178 written: 104857600 bytes
INFO 2025-06-01 16:37:43,513 main 104152 127420801443328 Chunk 178 upload successful
INFO 2025-06-01 16:37:45,009 main 104152 127420801443328 Uploading chunk 179/213 for file train.zip
INFO 2025-06-01 16:37:45,087 main 104152 127420801443328 Chunk 179 written: 104857600 bytes
INFO 2025-06-01 16:37:45,111 main 104152 127420801443328 Chunk 179 upload successful
INFO 2025-06-01 16:37:46,559 main 104152 127420801443328 Uploading chunk 180/213 for file train.zip
INFO 2025-06-01 16:37:46,641 main 104152 127420801443328 Chunk 180 written: 104857600 bytes
INFO 2025-06-01 16:37:46,652 main 104152 127420801443328 Chunk 180 upload successful
INFO 2025-06-01 16:37:47,414 main 104152 127420801443328 Uploading chunk 181/213 for file train.zip
INFO 2025-06-01 16:37:47,496 main 104152 127420801443328 Chunk 181 written: 104857600 bytes
INFO 2025-06-01 16:37:47,506 main 104152 127420801443328 Chunk 181 upload successful
INFO 2025-06-01 16:37:48,179 main 104152 127420801443328 Uploading chunk 182/213 for file train.zip
INFO 2025-06-01 16:37:48,267 main 104152 127420801443328 Chunk 182 written: 104857600 bytes
INFO 2025-06-01 16:37:48,275 main 104152 127420801443328 Chunk 182 upload successful
INFO 2025-06-01 16:37:48,938 main 104152 127420801443328 Uploading chunk 183/213 for file train.zip
INFO 2025-06-01 16:37:49,020 main 104152 127420801443328 Chunk 183 written: 104857600 bytes
INFO 2025-06-01 16:37:49,029 main 104152 127420801443328 Chunk 183 upload successful
INFO 2025-06-01 16:37:49,669 main 104152 127420801443328 Uploading chunk 184/213 for file train.zip
INFO 2025-06-01 16:37:49,753 main 104152 127420801443328 Chunk 184 written: 104857600 bytes
INFO 2025-06-01 16:37:49,766 main 104152 127420801443328 Chunk 184 upload successful
INFO 2025-06-01 16:37:50,397 main 104152 127420801443328 Uploading chunk 185/213 for file train.zip
INFO 2025-06-01 16:37:50,493 main 104152 127420801443328 Chunk 185 written: 104857600 bytes
INFO 2025-06-01 16:37:50,508 main 104152 127420801443328 Chunk 185 upload successful
INFO 2025-06-01 16:37:51,165 main 104152 127420801443328 Uploading chunk 186/213 for file train.zip
INFO 2025-06-01 16:37:51,244 main 104152 127420801443328 Chunk 186 written: 104857600 bytes
INFO 2025-06-01 16:37:51,252 main 104152 127420801443328 Chunk 186 upload successful
INFO 2025-06-01 16:37:51,886 main 104152 127420801443328 Uploading chunk 187/213 for file train.zip
INFO 2025-06-01 16:37:51,969 main 104152 127420801443328 Chunk 187 written: 104857600 bytes
INFO 2025-06-01 16:37:51,978 main 104152 127420801443328 Chunk 187 upload successful
INFO 2025-06-01 16:37:52,618 main 104152 127420801443328 Uploading chunk 188/213 for file train.zip
INFO 2025-06-01 16:37:52,699 main 104152 127420801443328 Chunk 188 written: 104857600 bytes
INFO 2025-06-01 16:37:52,707 main 104152 127420801443328 Chunk 188 upload successful
INFO 2025-06-01 16:37:53,382 main 104152 127420801443328 Uploading chunk 189/213 for file train.zip
INFO 2025-06-01 16:37:53,471 main 104152 127420801443328 Chunk 189 written: 104857600 bytes
INFO 2025-06-01 16:37:53,482 main 104152 127420801443328 Chunk 189 upload successful
INFO 2025-06-01 16:37:54,141 main 104152 127420801443328 Uploading chunk 190/213 for file train.zip
INFO 2025-06-01 16:37:54,229 main 104152 127420801443328 Chunk 190 written: 104857600 bytes
INFO 2025-06-01 16:37:54,248 main 104152 127420801443328 Chunk 190 upload successful
INFO 2025-06-01 16:37:54,861 main 104152 127420801443328 Uploading chunk 191/213 for file train.zip
INFO 2025-06-01 16:37:54,945 main 104152 127420801443328 Chunk 191 written: 104857600 bytes
INFO 2025-06-01 16:37:54,990 main 104152 127420801443328 Chunk 191 upload successful
INFO 2025-06-01 16:37:55,647 main 104152 127420801443328 Uploading chunk 192/213 for file train.zip
INFO 2025-06-01 16:37:55,741 main 104152 127420801443328 Chunk 192 written: 104857600 bytes
INFO 2025-06-01 16:37:55,749 main 104152 127420801443328 Chunk 192 upload successful
INFO 2025-06-01 16:37:56,395 main 104152 127420801443328 Uploading chunk 193/213 for file train.zip
INFO 2025-06-01 16:37:56,477 main 104152 127420801443328 Chunk 193 written: 104857600 bytes
INFO 2025-06-01 16:37:56,486 main 104152 127420801443328 Chunk 193 upload successful
INFO 2025-06-01 16:37:57,117 main 104152 127420801443328 Uploading chunk 194/213 for file train.zip
INFO 2025-06-01 16:37:57,204 main 104152 127420801443328 Chunk 194 written: 104857600 bytes
INFO 2025-06-01 16:37:57,239 main 104152 127420801443328 Chunk 194 upload successful
INFO 2025-06-01 16:37:58,198 main 104152 127420801443328 Uploading chunk 195/213 for file train.zip
INFO 2025-06-01 16:37:58,286 main 104152 127420801443328 Chunk 195 written: 104857600 bytes
INFO 2025-06-01 16:37:58,293 main 104152 127420801443328 Chunk 195 upload successful
INFO 2025-06-01 16:37:58,946 main 104152 127420801443328 Uploading chunk 196/213 for file train.zip
INFO 2025-06-01 16:37:59,031 main 104152 127420801443328 Chunk 196 written: 104857600 bytes
INFO 2025-06-01 16:37:59,040 main 104152 127420801443328 Chunk 196 upload successful
INFO 2025-06-01 16:37:59,708 main 104152 127420801443328 Uploading chunk 197/213 for file train.zip
INFO 2025-06-01 16:37:59,792 main 104152 127420801443328 Chunk 197 written: 104857600 bytes
INFO 2025-06-01 16:37:59,802 main 104152 127420801443328 Chunk 197 upload successful
INFO 2025-06-01 16:38:00,443 main 104152 127420801443328 Uploading chunk 198/213 for file train.zip
INFO 2025-06-01 16:38:00,523 main 104152 127420801443328 Chunk 198 written: 104857600 bytes
INFO 2025-06-01 16:38:00,532 main 104152 127420801443328 Chunk 198 upload successful
INFO 2025-06-01 16:38:01,146 main 104152 127420801443328 Uploading chunk 199/213 for file train.zip
INFO 2025-06-01 16:38:01,230 main 104152 127420801443328 Chunk 199 written: 104857600 bytes
INFO 2025-06-01 16:38:01,238 main 104152 127420801443328 Chunk 199 upload successful
INFO 2025-06-01 16:38:01,887 main 104152 127420801443328 Uploading chunk 200/213 for file train.zip
INFO 2025-06-01 16:38:01,971 main 104152 127420801443328 Chunk 200 written: 104857600 bytes
INFO 2025-06-01 16:38:01,981 main 104152 127420801443328 Chunk 200 upload successful
INFO 2025-06-01 16:38:02,587 main 104152 127420801443328 Uploading chunk 201/213 for file train.zip
INFO 2025-06-01 16:38:02,671 main 104152 127420801443328 Chunk 201 written: 104857600 bytes
INFO 2025-06-01 16:38:02,681 main 104152 127420801443328 Chunk 201 upload successful
INFO 2025-06-01 16:38:03,344 main 104152 127420801443328 Uploading chunk 202/213 for file train.zip
INFO 2025-06-01 16:38:03,426 main 104152 127420801443328 Chunk 202 written: 104857600 bytes
INFO 2025-06-01 16:38:03,435 main 104152 127420801443328 Chunk 202 upload successful
INFO 2025-06-01 16:38:04,078 main 104152 127420801443328 Uploading chunk 203/213 for file train.zip
INFO 2025-06-01 16:38:04,165 main 104152 127420801443328 Chunk 203 written: 104857600 bytes
INFO 2025-06-01 16:38:04,174 main 104152 127420801443328 Chunk 203 upload successful
INFO 2025-06-01 16:38:04,844 main 104152 127420801443328 Uploading chunk 204/213 for file train.zip
INFO 2025-06-01 16:38:04,923 main 104152 127420801443328 Chunk 204 written: 104857600 bytes
INFO 2025-06-01 16:38:04,931 main 104152 127420801443328 Chunk 204 upload successful
INFO 2025-06-01 16:38:05,575 main 104152 127420801443328 Uploading chunk 205/213 for file train.zip
INFO 2025-06-01 16:38:05,657 main 104152 127420801443328 Chunk 205 written: 104857600 bytes
INFO 2025-06-01 16:38:05,672 main 104152 127420801443328 Chunk 205 upload successful
INFO 2025-06-01 16:38:06,392 main 104152 127420801443328 Uploading chunk 206/213 for file train.zip
INFO 2025-06-01 16:38:06,475 main 104152 127420801443328 Chunk 206 written: 104857600 bytes
INFO 2025-06-01 16:38:06,482 main 104152 127420801443328 Chunk 206 upload successful
INFO 2025-06-01 16:38:07,134 main 104152 127420801443328 Uploading chunk 207/213 for file train.zip
INFO 2025-06-01 16:38:07,216 main 104152 127420801443328 Chunk 207 written: 104857600 bytes
INFO 2025-06-01 16:38:07,224 main 104152 127420801443328 Chunk 207 upload successful
INFO 2025-06-01 16:38:07,905 main 104152 127420801443328 Uploading chunk 208/213 for file train.zip
INFO 2025-06-01 16:38:07,991 main 104152 127420801443328 Chunk 208 written: 104857600 bytes
INFO 2025-06-01 16:38:07,999 main 104152 127420801443328 Chunk 208 upload successful
INFO 2025-06-01 16:38:08,607 main 104152 127420801443328 Uploading chunk 209/213 for file train.zip
INFO 2025-06-01 16:38:08,687 main 104152 127420801443328 Chunk 209 written: 104857600 bytes
INFO 2025-06-01 16:38:08,698 main 104152 127420801443328 Chunk 209 upload successful
INFO 2025-06-01 16:38:09,361 main 104152 127420801443328 Uploading chunk 210/213 for file train.zip
INFO 2025-06-01 16:38:09,443 main 104152 127420801443328 Chunk 210 written: 104857600 bytes
INFO 2025-06-01 16:38:09,451 main 104152 127420801443328 Chunk 210 upload successful
INFO 2025-06-01 16:38:10,043 main 104152 127420801443328 Uploading chunk 211/213 for file train.zip
INFO 2025-06-01 16:38:10,131 main 104152 127420801443328 Chunk 211 written: 104857600 bytes
INFO 2025-06-01 16:38:10,145 main 104152 127420801443328 Chunk 211 upload successful
INFO 2025-06-01 16:38:10,321 main 104152 127420801443328 Uploading chunk 212/213 for file train.zip
INFO 2025-06-01 16:38:10,342 main 104152 127420801443328 Chunk 212 written: 24701417 bytes
INFO 2025-06-01 16:38:10,355 main 104152 127420801443328 Chunk 212 upload successful
ERROR 2025-06-01 16:38:10,376 main 104152 127420801443328 Error completing upload: 'str' object has no attribute 'path'
ERROR 2025-06-02 00:46:08,280 main 18733 139807093839360 Error completing upload: The 'file' attribute has no file associated with it.
INFO 2025-06-02 01:03:11,021 main 47607 134551571740160 Uploading chunk 0/40 for file DJI_0442.MP4
INFO 2025-06-02 01:03:11,381 main 47607 134551571740160 Chunk 0 written: 104857600 bytes
INFO 2025-06-02 01:03:11,392 main 47607 134551571740160 Chunk 0 upload successful
INFO 2025-06-02 01:03:12,605 main 47607 134551571740160 Uploading chunk 1/40 for file DJI_0442.MP4
INFO 2025-06-02 01:03:12,824 main 47607 134551571740160 Chunk 1 written: 104857600 bytes
INFO 2025-06-02 01:03:12,835 main 47607 134551571740160 Chunk 1 upload successful
INFO 2025-06-02 01:03:13,754 main 47607 134551571740160 Uploading chunk 2/40 for file DJI_0442.MP4
INFO 2025-06-02 01:03:14,038 main 47607 134551571740160 Chunk 2 written: 104857600 bytes
INFO 2025-06-02 01:03:14,048 main 47607 134551571740160 Chunk 2 upload successful
INFO 2025-06-02 01:03:15,127 main 47607 134551571740160 Uploading chunk 3/40 for file DJI_0442.MP4
INFO 2025-06-02 01:03:15,414 main 47607 134551571740160 Chunk 3 written: 104857600 bytes
INFO 2025-06-02 01:03:15,437 main 47607 134551571740160 Chunk 3 upload successful
INFO 2025-06-02 01:03:16,368 main 47607 134551571740160 Uploading chunk 4/40 for file DJI_0442.MP4
INFO 2025-06-02 01:03:16,480 main 47607 134551571740160 Chunk 4 written: 104857600 bytes
INFO 2025-06-02 01:03:16,493 main 47607 134551571740160 Chunk 4 upload successful
INFO 2025-06-02 01:03:17,738 main 47607 134551571740160 Uploading chunk 5/40 for file DJI_0442.MP4
INFO 2025-06-02 01:03:18,117 main 47607 134551571740160 Chunk 5 written: 104857600 bytes
INFO 2025-06-02 01:03:18,130 main 47607 134551571740160 Chunk 5 upload successful
INFO 2025-06-02 01:03:19,271 main 47607 134551571740160 Uploading chunk 6/40 for file DJI_0442.MP4
INFO 2025-06-02 01:03:19,493 main 47607 134551571740160 Chunk 6 written: 104857600 bytes
INFO 2025-06-02 01:03:19,502 main 47607 134551571740160 Chunk 6 upload successful
INFO 2025-06-02 01:03:20,275 main 47607 134551571740160 Uploading chunk 7/40 for file DJI_0442.MP4
INFO 2025-06-02 01:03:20,388 main 47607 134551571740160 Chunk 7 written: 104857600 bytes
INFO 2025-06-02 01:03:20,399 main 47607 134551571740160 Chunk 7 upload successful
INFO 2025-06-02 01:03:21,339 main 47607 134551571740160 Uploading chunk 8/40 for file DJI_0442.MP4
INFO 2025-06-02 01:03:21,462 main 47607 134551571740160 Chunk 8 written: 104857600 bytes
INFO 2025-06-02 01:03:21,484 main 47607 134551571740160 Chunk 8 upload successful
INFO 2025-06-02 01:03:22,536 main 47607 134551571740160 Uploading chunk 9/40 for file DJI_0442.MP4
INFO 2025-06-02 01:03:22,787 main 47607 134551571740160 Chunk 9 written: 104857600 bytes
INFO 2025-06-02 01:03:22,800 main 47607 134551571740160 Chunk 9 upload successful
INFO 2025-06-02 01:03:23,820 main 47607 134551571740160 Uploading chunk 10/40 for file DJI_0442.MP4
INFO 2025-06-02 01:03:24,002 main 47607 134551571740160 Chunk 10 written: 104857600 bytes
INFO 2025-06-02 01:03:24,014 main 47607 134551571740160 Chunk 10 upload successful
INFO 2025-06-02 01:03:24,875 main 47607 134551571740160 Uploading chunk 11/40 for file DJI_0442.MP4
INFO 2025-06-02 01:03:25,078 main 47607 134551571740160 Chunk 11 written: 104857600 bytes
INFO 2025-06-02 01:03:25,090 main 47607 134551571740160 Chunk 11 upload successful
INFO 2025-06-02 01:03:25,996 main 47607 134551571740160 Uploading chunk 12/40 for file DJI_0442.MP4
INFO 2025-06-02 01:03:26,128 main 47607 134551571740160 Chunk 12 written: 104857600 bytes
INFO 2025-06-02 01:03:26,138 main 47607 134551571740160 Chunk 12 upload successful
INFO 2025-06-02 01:03:27,014 main 47607 134551571740160 Uploading chunk 13/40 for file DJI_0442.MP4
INFO 2025-06-02 01:03:27,189 main 47607 134551571740160 Chunk 13 written: 104857600 bytes
INFO 2025-06-02 01:03:27,202 main 47607 134551571740160 Chunk 13 upload successful
INFO 2025-06-02 01:03:28,380 main 47607 134551571740160 Uploading chunk 14/40 for file DJI_0442.MP4
INFO 2025-06-02 01:03:28,762 main 47607 134551571740160 Chunk 14 written: 104857600 bytes
INFO 2025-06-02 01:03:28,776 main 47607 134551571740160 Chunk 14 upload successful
INFO 2025-06-02 01:03:29,895 main 47607 134551571740160 Uploading chunk 15/40 for file DJI_0442.MP4
INFO 2025-06-02 01:03:30,035 main 47607 134551571740160 Chunk 15 written: 104857600 bytes
INFO 2025-06-02 01:03:30,044 main 47607 134551571740160 Chunk 15 upload successful
INFO 2025-06-02 01:03:30,810 main 47607 134551571740160 Uploading chunk 16/40 for file DJI_0442.MP4
INFO 2025-06-02 01:03:30,909 main 47607 134551571740160 Chunk 16 written: 104857600 bytes
INFO 2025-06-02 01:03:30,920 main 47607 134551571740160 Chunk 16 upload successful
INFO 2025-06-02 01:03:32,047 main 47607 134551571740160 Uploading chunk 17/40 for file DJI_0442.MP4
INFO 2025-06-02 01:03:32,339 main 47607 134551571740160 Chunk 17 written: 104857600 bytes
INFO 2025-06-02 01:03:32,350 main 47607 134551571740160 Chunk 17 upload successful
INFO 2025-06-02 01:03:33,256 main 47607 134551571740160 Uploading chunk 18/40 for file DJI_0442.MP4
INFO 2025-06-02 01:03:33,424 main 47607 134551571740160 Chunk 18 written: 104857600 bytes
INFO 2025-06-02 01:03:33,442 main 47607 134551571740160 Chunk 18 upload successful
INFO 2025-06-02 01:03:34,191 main 47607 134551571740160 Uploading chunk 19/40 for file DJI_0442.MP4
INFO 2025-06-02 01:03:34,285 main 47607 134551571740160 Chunk 19 written: 104857600 bytes
INFO 2025-06-02 01:03:34,294 main 47607 134551571740160 Chunk 19 upload successful
INFO 2025-06-02 01:03:35,692 main 47607 134551571740160 Uploading chunk 20/40 for file DJI_0442.MP4
INFO 2025-06-02 01:03:36,018 main 47607 134551571740160 Chunk 20 written: 104857600 bytes
INFO 2025-06-02 01:03:36,653 main 47607 134551571740160 Chunk 20 upload successful
INFO 2025-06-02 01:03:37,562 main 47607 134551571740160 Uploading chunk 21/40 for file DJI_0442.MP4
INFO 2025-06-02 01:03:37,689 main 47607 134551571740160 Chunk 21 written: 104857600 bytes
INFO 2025-06-02 01:03:39,301 main 47607 134551571740160 Chunk 21 upload successful
INFO 2025-06-02 01:03:40,222 main 47607 134551571740160 Uploading chunk 22/40 for file DJI_0442.MP4
INFO 2025-06-02 01:03:40,331 main 47607 134551571740160 Chunk 22 written: 104857600 bytes
INFO 2025-06-02 01:03:40,340 main 47607 134551571740160 Chunk 22 upload successful
INFO 2025-06-02 01:03:41,486 main 47607 134551571740160 Uploading chunk 23/40 for file DJI_0442.MP4
INFO 2025-06-02 01:03:41,697 main 47607 134551571740160 Chunk 23 written: 104857600 bytes
INFO 2025-06-02 01:03:42,626 main 47607 134551571740160 Chunk 23 upload successful
INFO 2025-06-02 01:03:43,523 main 47607 134551571740160 Uploading chunk 24/40 for file DJI_0442.MP4
INFO 2025-06-02 01:03:43,644 main 47607 134551571740160 Chunk 24 written: 104857600 bytes
INFO 2025-06-02 01:03:44,642 main 47607 134551571740160 Chunk 24 upload successful
INFO 2025-06-02 01:03:45,899 main 47607 134551571740160 Uploading chunk 25/40 for file DJI_0442.MP4
INFO 2025-06-02 01:03:46,295 main 47607 134551571740160 Chunk 25 written: 104857600 bytes
INFO 2025-06-02 01:03:50,320 main 47607 134551571740160 Chunk 25 upload successful
INFO 2025-06-02 01:03:52,522 main 47607 134551571740160 Uploading chunk 26/40 for file DJI_0442.MP4
INFO 2025-06-02 01:03:52,713 main 47607 134551571740160 Chunk 26 written: 104857600 bytes
INFO 2025-06-02 01:03:55,479 main 47607 134551571740160 Chunk 26 upload successful
INFO 2025-06-02 01:03:56,832 main 47607 134551571740160 Uploading chunk 27/40 for file DJI_0442.MP4
INFO 2025-06-02 01:03:57,217 main 47607 134551571740160 Chunk 27 written: 104857600 bytes
INFO 2025-06-02 01:03:57,232 main 47607 134551571740160 Chunk 27 upload successful
INFO 2025-06-02 01:03:58,190 main 47607 134551571740160 Uploading chunk 28/40 for file DJI_0442.MP4
INFO 2025-06-02 01:03:58,361 main 47607 134551571740160 Chunk 28 written: 104857600 bytes
INFO 2025-06-02 01:03:58,375 main 47607 134551571740160 Chunk 28 upload successful
INFO 2025-06-02 01:03:59,279 main 47607 134551571740160 Uploading chunk 29/40 for file DJI_0442.MP4
INFO 2025-06-02 01:03:59,376 main 47607 134551571740160 Chunk 29 written: 104857600 bytes
INFO 2025-06-02 01:03:59,388 main 47607 134551571740160 Chunk 29 upload successful
INFO 2025-06-02 01:04:00,208 main 47607 134551571740160 Uploading chunk 30/40 for file DJI_0442.MP4
INFO 2025-06-02 01:04:00,503 main 47607 134551571740160 Chunk 30 written: 104857600 bytes
INFO 2025-06-02 01:04:00,544 main 47607 134551571740160 Chunk 30 upload successful
INFO 2025-06-02 01:04:01,503 main 47607 134551571740160 Uploading chunk 31/40 for file DJI_0442.MP4
INFO 2025-06-02 01:04:01,825 main 47607 134551571740160 Chunk 31 written: 104857600 bytes
INFO 2025-06-02 01:04:02,766 main 47607 134551571740160 Chunk 31 upload successful
INFO 2025-06-02 01:04:03,757 main 47607 134551571740160 Uploading chunk 32/40 for file DJI_0442.MP4
INFO 2025-06-02 01:04:04,072 main 47607 134551571740160 Chunk 32 written: 104857600 bytes
INFO 2025-06-02 01:04:05,367 main 47607 134551571740160 Chunk 32 upload successful
INFO 2025-06-02 01:04:07,000 main 47607 134551571740160 Uploading chunk 33/40 for file DJI_0442.MP4
INFO 2025-06-02 01:04:07,364 main 47607 134551571740160 Chunk 33 written: 104857600 bytes
INFO 2025-06-02 01:04:10,277 main 47607 134551571740160 Chunk 33 upload successful
INFO 2025-06-02 01:04:12,610 main 47607 134551571740160 Uploading chunk 34/40 for file DJI_0442.MP4
INFO 2025-06-02 01:04:12,996 main 47607 134551571740160 Chunk 34 written: 104857600 bytes
INFO 2025-06-02 01:04:14,299 main 47607 134551571740160 Chunk 34 upload successful
INFO 2025-06-02 01:04:16,476 main 47607 134551571740160 Uploading chunk 35/40 for file DJI_0442.MP4
INFO 2025-06-02 01:04:16,572 main 47607 134551571740160 Chunk 35 written: 104857600 bytes
INFO 2025-06-02 01:04:17,364 main 47607 134551571740160 Chunk 35 upload successful
INFO 2025-06-02 01:04:18,221 main 47607 134551571740160 Uploading chunk 36/40 for file DJI_0442.MP4
INFO 2025-06-02 01:04:18,332 main 47607 134551571740160 Chunk 36 written: 104857600 bytes
INFO 2025-06-02 01:04:18,340 main 47607 134551571740160 Chunk 36 upload successful
INFO 2025-06-02 01:04:19,124 main 47607 134551571740160 Uploading chunk 37/40 for file DJI_0442.MP4
INFO 2025-06-02 01:04:19,350 main 47607 134551571740160 Chunk 37 written: 104857600 bytes
INFO 2025-06-02 01:04:19,363 main 47607 134551571740160 Chunk 37 upload successful
INFO 2025-06-02 01:04:20,267 main 47607 134551571740160 Uploading chunk 38/40 for file DJI_0442.MP4
INFO 2025-06-02 01:04:20,437 main 47607 134551571740160 Chunk 38 written: 104857600 bytes
INFO 2025-06-02 01:04:20,448 main 47607 134551571740160 Chunk 38 upload successful
INFO 2025-06-02 01:04:20,553 main 47607 134551571740160 Uploading chunk 39/40 for file DJI_0442.MP4
INFO 2025-06-02 01:04:20,558 main 47607 134551571740160 Chunk 39 written: 1302395 bytes
INFO 2025-06-02 01:04:20,566 main 47607 134551571740160 Chunk 39 upload successful
ERROR 2025-06-02 01:04:20,596 main 47607 134551571740160 Error completing upload: 'str' object has no attribute 'path'
INFO 2025-06-02 01:12:39,896 main 61704 127381150455296 Uploading chunk 0/40 for file DJI_0442.MP4
INFO 2025-06-02 01:12:40,247 main 61704 127381150455296 Chunk 0 written: 104857600 bytes
ERROR 2025-06-02 01:12:40,259 main 61704 127381150455296 Error uploading chunk 0: (1062, "Duplicate entry '31c1e60feeb14b2fb1f91a9f48e45338-DJI_0442.MP4-0' for key 'storage_chunkedupload.storage_chunkedupload_user_id_filename_chunk_n_908580c6_uniq'")
Traceback (most recent call last):
  File "/home/tat/miniconda3/envs/python11/lib/python3.11/site-packages/django/db/backends/utils.py", line 105, in _execute
    return self.cursor.execute(sql, params)
           ^^^^^^^^^^^^^^^^^^^^^^^^^^^^^^^^
  File "/home/tat/miniconda3/envs/python11/lib/python3.11/site-packages/django/db/backends/mysql/base.py", line 76, in execute
    return self.cursor.execute(query, args)
           ^^^^^^^^^^^^^^^^^^^^^^^^^^^^^^^^
  File "/home/tat/miniconda3/envs/python11/lib/python3.11/site-packages/pymysql/cursors.py", line 153, in execute
    result = self._query(query)
             ^^^^^^^^^^^^^^^^^^
  File "/home/tat/miniconda3/envs/python11/lib/python3.11/site-packages/pymysql/cursors.py", line 322, in _query
    conn.query(q)
  File "/home/tat/miniconda3/envs/python11/lib/python3.11/site-packages/pymysql/connections.py", line 563, in query
    self._affected_rows = self._read_query_result(unbuffered=unbuffered)
                          ^^^^^^^^^^^^^^^^^^^^^^^^^^^^^^^^^^^^^^^^^^^^^^
  File "/home/tat/miniconda3/envs/python11/lib/python3.11/site-packages/pymysql/connections.py", line 825, in _read_query_result
    result.read()
  File "/home/tat/miniconda3/envs/python11/lib/python3.11/site-packages/pymysql/connections.py", line 1199, in read
    first_packet = self.connection._read_packet()
                   ^^^^^^^^^^^^^^^^^^^^^^^^^^^^^^
  File "/home/tat/miniconda3/envs/python11/lib/python3.11/site-packages/pymysql/connections.py", line 775, in _read_packet
    packet.raise_for_error()
  File "/home/tat/miniconda3/envs/python11/lib/python3.11/site-packages/pymysql/protocol.py", line 219, in raise_for_error
    err.raise_mysql_exception(self._data)
  File "/home/tat/miniconda3/envs/python11/lib/python3.11/site-packages/pymysql/err.py", line 150, in raise_mysql_exception
    raise errorclass(errno, errval)
pymysql.err.IntegrityError: (1062, "Duplicate entry '31c1e60feeb14b2fb1f91a9f48e45338-DJI_0442.MP4-0' for key 'storage_chunkedupload.storage_chunkedupload_user_id_filename_chunk_n_908580c6_uniq'")

The above exception was the direct cause of the following exception:

Traceback (most recent call last):
  File "/media/tat/backup/project/data_management/backend/fastapi_app/main.py", line 221, in upload_chunk
    chunk_record = await create_chunked_upload_record(
                   ^^^^^^^^^^^^^^^^^^^^^^^^^^^^^^^^^^^
  File "/home/tat/miniconda3/envs/python11/lib/python3.11/site-packages/asgiref/sync.py", line 468, in __call__
    ret = await asyncio.shield(exec_coro)
          ^^^^^^^^^^^^^^^^^^^^^^^^^^^^^^^
  File "/home/tat/miniconda3/envs/python11/lib/python3.11/concurrent/futures/thread.py", line 58, in run
    result = self.fn(*self.args, **self.kwargs)
             ^^^^^^^^^^^^^^^^^^^^^^^^^^^^^^^^^^
  File "/home/tat/miniconda3/envs/python11/lib/python3.11/site-packages/asgiref/sync.py", line 522, in thread_handler
    return func(*args, **kwargs)
           ^^^^^^^^^^^^^^^^^^^^^
  File "/media/tat/backup/project/data_management/backend/fastapi_app/main.py", line 76, in create_chunked_upload_record
    return ChunkedUpload.objects.create(
           ^^^^^^^^^^^^^^^^^^^^^^^^^^^^^
  File "/home/tat/miniconda3/envs/python11/lib/python3.11/site-packages/django/db/models/manager.py", line 87, in manager_method
    return getattr(self.get_queryset(), name)(*args, **kwargs)
           ^^^^^^^^^^^^^^^^^^^^^^^^^^^^^^^^^^^^^^^^^^^^^^^^^^^
  File "/home/tat/miniconda3/envs/python11/lib/python3.11/site-packages/django/db/models/query.py", line 663, in create
    obj.save(force_insert=True, using=self.db)
  File "/home/tat/miniconda3/envs/python11/lib/python3.11/site-packages/django/db/models/base.py", line 902, in save
    self.save_base(
  File "/home/tat/miniconda3/envs/python11/lib/python3.11/site-packages/django/db/models/base.py", line 1008, in save_base
    updated = self._save_table(
              ^^^^^^^^^^^^^^^^^
  File "/home/tat/miniconda3/envs/python11/lib/python3.11/site-packages/django/db/models/base.py", line 1169, in _save_table
    results = self._do_insert(
              ^^^^^^^^^^^^^^^^
  File "/home/tat/miniconda3/envs/python11/lib/python3.11/site-packages/django/db/models/base.py", line 1210, in _do_insert
    return manager._insert(
           ^^^^^^^^^^^^^^^^
  File "/home/tat/miniconda3/envs/python11/lib/python3.11/site-packages/django/db/models/manager.py", line 87, in manager_method
    return getattr(self.get_queryset(), name)(*args, **kwargs)
           ^^^^^^^^^^^^^^^^^^^^^^^^^^^^^^^^^^^^^^^^^^^^^^^^^^^
  File "/home/tat/miniconda3/envs/python11/lib/python3.11/site-packages/django/db/models/query.py", line 1864, in _insert
    return query.get_compiler(using=using).execute_sql(returning_fields)
           ^^^^^^^^^^^^^^^^^^^^^^^^^^^^^^^^^^^^^^^^^^^^^^^^^^^^^^^^^^^^^
  File "/home/tat/miniconda3/envs/python11/lib/python3.11/site-packages/django/db/models/sql/compiler.py", line 1882, in execute_sql
    cursor.execute(sql, params)
  File "/home/tat/miniconda3/envs/python11/lib/python3.11/site-packages/django/db/backends/utils.py", line 122, in execute
    return super().execute(sql, params)
           ^^^^^^^^^^^^^^^^^^^^^^^^^^^^
  File "/home/tat/miniconda3/envs/python11/lib/python3.11/site-packages/django/db/backends/utils.py", line 79, in execute
    return self._execute_with_wrappers(
           ^^^^^^^^^^^^^^^^^^^^^^^^^^^^
  File "/home/tat/miniconda3/envs/python11/lib/python3.11/site-packages/django/db/backends/utils.py", line 92, in _execute_with_wrappers
    return executor(sql, params, many, context)
           ^^^^^^^^^^^^^^^^^^^^^^^^^^^^^^^^^^^^
  File "/home/tat/miniconda3/envs/python11/lib/python3.11/site-packages/django/db/backends/utils.py", line 100, in _execute
    with self.db.wrap_database_errors:
  File "/home/tat/miniconda3/envs/python11/lib/python3.11/site-packages/django/db/utils.py", line 91, in __exit__
    raise dj_exc_value.with_traceback(traceback) from exc_value
  File "/home/tat/miniconda3/envs/python11/lib/python3.11/site-packages/django/db/backends/utils.py", line 105, in _execute
    return self.cursor.execute(sql, params)
           ^^^^^^^^^^^^^^^^^^^^^^^^^^^^^^^^
  File "/home/tat/miniconda3/envs/python11/lib/python3.11/site-packages/django/db/backends/mysql/base.py", line 76, in execute
    return self.cursor.execute(query, args)
           ^^^^^^^^^^^^^^^^^^^^^^^^^^^^^^^^
  File "/home/tat/miniconda3/envs/python11/lib/python3.11/site-packages/pymysql/cursors.py", line 153, in execute
    result = self._query(query)
             ^^^^^^^^^^^^^^^^^^
  File "/home/tat/miniconda3/envs/python11/lib/python3.11/site-packages/pymysql/cursors.py", line 322, in _query
    conn.query(q)
  File "/home/tat/miniconda3/envs/python11/lib/python3.11/site-packages/pymysql/connections.py", line 563, in query
    self._affected_rows = self._read_query_result(unbuffered=unbuffered)
                          ^^^^^^^^^^^^^^^^^^^^^^^^^^^^^^^^^^^^^^^^^^^^^^
  File "/home/tat/miniconda3/envs/python11/lib/python3.11/site-packages/pymysql/connections.py", line 825, in _read_query_result
    result.read()
  File "/home/tat/miniconda3/envs/python11/lib/python3.11/site-packages/pymysql/connections.py", line 1199, in read
    first_packet = self.connection._read_packet()
                   ^^^^^^^^^^^^^^^^^^^^^^^^^^^^^^
  File "/home/tat/miniconda3/envs/python11/lib/python3.11/site-packages/pymysql/connections.py", line 775, in _read_packet
    packet.raise_for_error()
  File "/home/tat/miniconda3/envs/python11/lib/python3.11/site-packages/pymysql/protocol.py", line 219, in raise_for_error
    err.raise_mysql_exception(self._data)
  File "/home/tat/miniconda3/envs/python11/lib/python3.11/site-packages/pymysql/err.py", line 150, in raise_mysql_exception
    raise errorclass(errno, errval)
django.db.utils.IntegrityError: (1062, "Duplicate entry '31c1e60feeb14b2fb1f91a9f48e45338-DJI_0442.MP4-0' for key 'storage_chunkedupload.storage_chunkedupload_user_id_filename_chunk_n_908580c6_uniq'")
INFO 2025-06-03 00:18:08,610 main 63620 132616098014720 Uploading chunk 0/1 for file code.zip
INFO 2025-06-03 00:18:08,613 main 63620 132616098014720 Chunk 0 written: 1218438 bytes
INFO 2025-06-03 00:18:08,621 main 63620 132616098014720 Chunk 0 upload successful
INFO 2025-06-03 08:00:09,869 main 99362 128247827092992 Uploading chunk 0/7 for file 12q.mp4 in project 0a43c21b-bb40-4d83-858a-cb1d237e96d0
ERROR 2025-06-03 08:00:09,874 main 99362 128247827092992 Error uploading chunk 0: 404: Folder not found
Traceback (most recent call last):
  File "/home/tat/miniconda3/envs/python11/lib/python3.11/site-packages/django/db/models/fields/related_descriptors.py", line 240, in __get__
    rel_obj = self.field.get_cached_value(instance)
              ^^^^^^^^^^^^^^^^^^^^^^^^^^^^^^^^^^^^^
  File "/home/tat/miniconda3/envs/python11/lib/python3.11/site-packages/django/db/models/fields/mixins.py", line 37, in get_cached_value
    return instance._state.fields_cache[self.cache_name]
           ~~~~~~~~~~~~~~~~~~~~~~~~~~~~^^^^^^^^^^^^^^^^^
KeyError: 'project'

During handling of the above exception, another exception occurred:

Traceback (most recent call last):
  File "/home/tat/miniconda3/envs/python11/lib/python3.11/site-packages/django/db/backends/base/base.py", line 695, in temporary_connection
    with self.cursor() as cursor:
         ^^^^^^^^^^^^^
  File "/home/tat/miniconda3/envs/python11/lib/python3.11/site-packages/django/utils/asyncio.py", line 24, in inner
    raise SynchronousOnlyOperation(message)
django.core.exceptions.SynchronousOnlyOperation: You cannot call this from an async context - use a thread or sync_to_async.

During handling of the above exception, another exception occurred:

Traceback (most recent call last):
  File "/media/tat/backup/project/data_management/backend/fastapi_app/main.py", line 198, in upload_chunk
    if str(folder.project.id) != project_id:
           ^^^^^^^^^^^^^^
  File "/home/tat/miniconda3/envs/python11/lib/python3.11/site-packages/django/db/models/fields/related_descriptors.py", line 258, in __get__
    rel_obj = self.get_object(instance)
              ^^^^^^^^^^^^^^^^^^^^^^^^^
  File "/home/tat/miniconda3/envs/python11/lib/python3.11/site-packages/django/db/models/fields/related_descriptors.py", line 221, in get_object
    return qs.get(self.field.get_reverse_related_filter(instance))
           ^^^^^^^^^^^^^^^^^^^^^^^^^^^^^^^^^^^^^^^^^^^^^^^^^^^^^^^
  File "/home/tat/miniconda3/envs/python11/lib/python3.11/site-packages/django/db/models/query.py", line 629, in get
    num = len(clone)
          ^^^^^^^^^^
  File "/home/tat/miniconda3/envs/python11/lib/python3.11/site-packages/django/db/models/query.py", line 366, in __len__
    self._fetch_all()
  File "/home/tat/miniconda3/envs/python11/lib/python3.11/site-packages/django/db/models/query.py", line 1945, in _fetch_all
    self._result_cache = list(self._iterable_class(self))
                         ^^^^^^^^^^^^^^^^^^^^^^^^^^^^^^^^
  File "/home/tat/miniconda3/envs/python11/lib/python3.11/site-packages/django/db/models/query.py", line 91, in __iter__
    results = compiler.execute_sql(
              ^^^^^^^^^^^^^^^^^^^^^
  File "/home/tat/miniconda3/envs/python11/lib/python3.11/site-packages/django/db/models/sql/compiler.py", line 1610, in execute_sql
    sql, params = self.as_sql()
                  ^^^^^^^^^^^^^
  File "/home/tat/miniconda3/envs/python11/lib/python3.11/site-packages/django/db/models/sql/compiler.py", line 794, in as_sql
    self.compile(self.where) if self.where is not None else ("", [])
    ^^^^^^^^^^^^^^^^^^^^^^^^
  File "/home/tat/miniconda3/envs/python11/lib/python3.11/site-packages/django/db/models/sql/compiler.py", line 577, in compile
    sql, params = node.as_sql(self, self.connection)
                  ^^^^^^^^^^^^^^^^^^^^^^^^^^^^^^^^^^
  File "/home/tat/miniconda3/envs/python11/lib/python3.11/site-packages/django/db/models/sql/where.py", line 151, in as_sql
    sql, params = compiler.compile(child)
                  ^^^^^^^^^^^^^^^^^^^^^^^
  File "/home/tat/miniconda3/envs/python11/lib/python3.11/site-packages/django/db/models/sql/compiler.py", line 577, in compile
    sql, params = node.as_sql(self, self.connection)
                  ^^^^^^^^^^^^^^^^^^^^^^^^^^^^^^^^^^
  File "/home/tat/miniconda3/envs/python11/lib/python3.11/site-packages/django/db/models/lookups.py", line 426, in as_sql
    return super().as_sql(compiler, connection)
           ^^^^^^^^^^^^^^^^^^^^^^^^^^^^^^^^^^^^
  File "/home/tat/miniconda3/envs/python11/lib/python3.11/site-packages/django/db/models/lookups.py", line 258, in as_sql
    rhs_sql, rhs_params = self.process_rhs(compiler, connection)
                          ^^^^^^^^^^^^^^^^^^^^^^^^^^^^^^^^^^^^^^
  File "/home/tat/miniconda3/envs/python11/lib/python3.11/site-packages/django/db/models/lookups.py", line 141, in process_rhs
    return self.get_db_prep_lookup(value, connection)
           ^^^^^^^^^^^^^^^^^^^^^^^^^^^^^^^^^^^^^^^^^^
  File "/home/tat/miniconda3/envs/python11/lib/python3.11/site-packages/django/db/models/lookups.py", line 287, in get_db_prep_lookup
    [
  File "/home/tat/miniconda3/envs/python11/lib/python3.11/site-packages/django/db/models/lookups.py", line 291, in <listcomp>
    else get_db_prep_value(v, connection, prepared=True)
         ^^^^^^^^^^^^^^^^^^^^^^^^^^^^^^^^^^^^^^^^^^^^^^^
  File "/home/tat/miniconda3/envs/python11/lib/python3.11/site-packages/django/db/models/fields/__init__.py", line 2758, in get_db_prep_value
    if connection.features.has_native_uuid_field:
       ^^^^^^^^^^^^^^^^^^^^^^^^^^^^^^^^^^^^^^^^^
  File "/home/tat/miniconda3/envs/python11/lib/python3.11/site-packages/django/utils/functional.py", line 47, in __get__
    res = instance.__dict__[self.name] = self.func(instance)
                                         ^^^^^^^^^^^^^^^^^^^
  File "/home/tat/miniconda3/envs/python11/lib/python3.11/site-packages/django/db/backends/mysql/features.py", line 310, in has_native_uuid_field
    is_mariadb = self.connection.mysql_is_mariadb
                 ^^^^^^^^^^^^^^^^^^^^^^^^^^^^^^^^
  File "/home/tat/miniconda3/envs/python11/lib/python3.11/site-packages/django/utils/functional.py", line 47, in __get__
    res = instance.__dict__[self.name] = self.func(instance)
                                         ^^^^^^^^^^^^^^^^^^^
  File "/home/tat/miniconda3/envs/python11/lib/python3.11/site-packages/django/db/backends/mysql/base.py", line 444, in mysql_is_mariadb
    return "mariadb" in self.mysql_server_info.lower()
                        ^^^^^^^^^^^^^^^^^^^^^^
  File "/home/tat/miniconda3/envs/python11/lib/python3.11/site-packages/django/utils/functional.py", line 47, in __get__
    res = instance.__dict__[self.name] = self.func(instance)
                                         ^^^^^^^^^^^^^^^^^^^
  File "/home/tat/miniconda3/envs/python11/lib/python3.11/site-packages/django/db/backends/mysql/base.py", line 430, in mysql_server_info
    return self.mysql_server_data["version"]
           ^^^^^^^^^^^^^^^^^^^^^^
  File "/home/tat/miniconda3/envs/python11/lib/python3.11/site-packages/django/utils/functional.py", line 47, in __get__
    res = instance.__dict__[self.name] = self.func(instance)
                                         ^^^^^^^^^^^^^^^^^^^
  File "/home/tat/miniconda3/envs/python11/lib/python3.11/site-packages/django/db/backends/mysql/base.py", line 404, in mysql_server_data
    with self.temporary_connection() as cursor:
  File "/home/tat/miniconda3/envs/python11/lib/python3.11/contextlib.py", line 137, in __enter__
    return next(self.gen)
           ^^^^^^^^^^^^^^
  File "/home/tat/miniconda3/envs/python11/lib/python3.11/site-packages/django/db/backends/base/base.py", line 699, in temporary_connection
    self.close()
  File "/home/tat/miniconda3/envs/python11/lib/python3.11/site-packages/django/utils/asyncio.py", line 24, in inner
    raise SynchronousOnlyOperation(message)
django.core.exceptions.SynchronousOnlyOperation: You cannot call this from an async context - use a thread or sync_to_async.

During handling of the above exception, another exception occurred:

Traceback (most recent call last):
  File "/media/tat/backup/project/data_management/backend/fastapi_app/main.py", line 201, in upload_chunk
    raise HTTPException(status_code=404, detail="Folder not found")
fastapi.exceptions.HTTPException: 404: Folder not found
INFO 2025-06-03 08:00:09,917 main 99362 128247827092992 Uploading chunk 0/1 for file DJI_0356_W_0001.jpg in project 0a43c21b-bb40-4d83-858a-cb1d237e96d0
ERROR 2025-06-03 08:00:09,921 main 99362 128247827092992 Error uploading chunk 0: 404: Folder not found
Traceback (most recent call last):
  File "/home/tat/miniconda3/envs/python11/lib/python3.11/site-packages/django/db/models/fields/related_descriptors.py", line 240, in __get__
    rel_obj = self.field.get_cached_value(instance)
              ^^^^^^^^^^^^^^^^^^^^^^^^^^^^^^^^^^^^^
  File "/home/tat/miniconda3/envs/python11/lib/python3.11/site-packages/django/db/models/fields/mixins.py", line 37, in get_cached_value
    return instance._state.fields_cache[self.cache_name]
           ~~~~~~~~~~~~~~~~~~~~~~~~~~~~^^^^^^^^^^^^^^^^^
KeyError: 'project'

During handling of the above exception, another exception occurred:

Traceback (most recent call last):
  File "/home/tat/miniconda3/envs/python11/lib/python3.11/site-packages/django/db/backends/base/base.py", line 695, in temporary_connection
    with self.cursor() as cursor:
         ^^^^^^^^^^^^^
  File "/home/tat/miniconda3/envs/python11/lib/python3.11/site-packages/django/utils/asyncio.py", line 24, in inner
    raise SynchronousOnlyOperation(message)
django.core.exceptions.SynchronousOnlyOperation: You cannot call this from an async context - use a thread or sync_to_async.

During handling of the above exception, another exception occurred:

Traceback (most recent call last):
  File "/media/tat/backup/project/data_management/backend/fastapi_app/main.py", line 198, in upload_chunk
    if str(folder.project.id) != project_id:
           ^^^^^^^^^^^^^^
  File "/home/tat/miniconda3/envs/python11/lib/python3.11/site-packages/django/db/models/fields/related_descriptors.py", line 258, in __get__
    rel_obj = self.get_object(instance)
              ^^^^^^^^^^^^^^^^^^^^^^^^^
  File "/home/tat/miniconda3/envs/python11/lib/python3.11/site-packages/django/db/models/fields/related_descriptors.py", line 221, in get_object
    return qs.get(self.field.get_reverse_related_filter(instance))
           ^^^^^^^^^^^^^^^^^^^^^^^^^^^^^^^^^^^^^^^^^^^^^^^^^^^^^^^
  File "/home/tat/miniconda3/envs/python11/lib/python3.11/site-packages/django/db/models/query.py", line 629, in get
    num = len(clone)
          ^^^^^^^^^^
  File "/home/tat/miniconda3/envs/python11/lib/python3.11/site-packages/django/db/models/query.py", line 366, in __len__
    self._fetch_all()
  File "/home/tat/miniconda3/envs/python11/lib/python3.11/site-packages/django/db/models/query.py", line 1945, in _fetch_all
    self._result_cache = list(self._iterable_class(self))
                         ^^^^^^^^^^^^^^^^^^^^^^^^^^^^^^^^
  File "/home/tat/miniconda3/envs/python11/lib/python3.11/site-packages/django/db/models/query.py", line 91, in __iter__
    results = compiler.execute_sql(
              ^^^^^^^^^^^^^^^^^^^^^
  File "/home/tat/miniconda3/envs/python11/lib/python3.11/site-packages/django/db/models/sql/compiler.py", line 1610, in execute_sql
    sql, params = self.as_sql()
                  ^^^^^^^^^^^^^
  File "/home/tat/miniconda3/envs/python11/lib/python3.11/site-packages/django/db/models/sql/compiler.py", line 794, in as_sql
    self.compile(self.where) if self.where is not None else ("", [])
    ^^^^^^^^^^^^^^^^^^^^^^^^
  File "/home/tat/miniconda3/envs/python11/lib/python3.11/site-packages/django/db/models/sql/compiler.py", line 577, in compile
    sql, params = node.as_sql(self, self.connection)
                  ^^^^^^^^^^^^^^^^^^^^^^^^^^^^^^^^^^
  File "/home/tat/miniconda3/envs/python11/lib/python3.11/site-packages/django/db/models/sql/where.py", line 151, in as_sql
    sql, params = compiler.compile(child)
                  ^^^^^^^^^^^^^^^^^^^^^^^
  File "/home/tat/miniconda3/envs/python11/lib/python3.11/site-packages/django/db/models/sql/compiler.py", line 577, in compile
    sql, params = node.as_sql(self, self.connection)
                  ^^^^^^^^^^^^^^^^^^^^^^^^^^^^^^^^^^
  File "/home/tat/miniconda3/envs/python11/lib/python3.11/site-packages/django/db/models/lookups.py", line 426, in as_sql
    return super().as_sql(compiler, connection)
           ^^^^^^^^^^^^^^^^^^^^^^^^^^^^^^^^^^^^
  File "/home/tat/miniconda3/envs/python11/lib/python3.11/site-packages/django/db/models/lookups.py", line 258, in as_sql
    rhs_sql, rhs_params = self.process_rhs(compiler, connection)
                          ^^^^^^^^^^^^^^^^^^^^^^^^^^^^^^^^^^^^^^
  File "/home/tat/miniconda3/envs/python11/lib/python3.11/site-packages/django/db/models/lookups.py", line 141, in process_rhs
    return self.get_db_prep_lookup(value, connection)
           ^^^^^^^^^^^^^^^^^^^^^^^^^^^^^^^^^^^^^^^^^^
  File "/home/tat/miniconda3/envs/python11/lib/python3.11/site-packages/django/db/models/lookups.py", line 287, in get_db_prep_lookup
    [
  File "/home/tat/miniconda3/envs/python11/lib/python3.11/site-packages/django/db/models/lookups.py", line 291, in <listcomp>
    else get_db_prep_value(v, connection, prepared=True)
         ^^^^^^^^^^^^^^^^^^^^^^^^^^^^^^^^^^^^^^^^^^^^^^^
  File "/home/tat/miniconda3/envs/python11/lib/python3.11/site-packages/django/db/models/fields/__init__.py", line 2758, in get_db_prep_value
    if connection.features.has_native_uuid_field:
       ^^^^^^^^^^^^^^^^^^^^^^^^^^^^^^^^^^^^^^^^^
  File "/home/tat/miniconda3/envs/python11/lib/python3.11/site-packages/django/utils/functional.py", line 47, in __get__
    res = instance.__dict__[self.name] = self.func(instance)
                                         ^^^^^^^^^^^^^^^^^^^
  File "/home/tat/miniconda3/envs/python11/lib/python3.11/site-packages/django/db/backends/mysql/features.py", line 310, in has_native_uuid_field
    is_mariadb = self.connection.mysql_is_mariadb
                 ^^^^^^^^^^^^^^^^^^^^^^^^^^^^^^^^
  File "/home/tat/miniconda3/envs/python11/lib/python3.11/site-packages/django/utils/functional.py", line 47, in __get__
    res = instance.__dict__[self.name] = self.func(instance)
                                         ^^^^^^^^^^^^^^^^^^^
  File "/home/tat/miniconda3/envs/python11/lib/python3.11/site-packages/django/db/backends/mysql/base.py", line 444, in mysql_is_mariadb
    return "mariadb" in self.mysql_server_info.lower()
                        ^^^^^^^^^^^^^^^^^^^^^^
  File "/home/tat/miniconda3/envs/python11/lib/python3.11/site-packages/django/utils/functional.py", line 47, in __get__
    res = instance.__dict__[self.name] = self.func(instance)
                                         ^^^^^^^^^^^^^^^^^^^
  File "/home/tat/miniconda3/envs/python11/lib/python3.11/site-packages/django/db/backends/mysql/base.py", line 430, in mysql_server_info
    return self.mysql_server_data["version"]
           ^^^^^^^^^^^^^^^^^^^^^^
  File "/home/tat/miniconda3/envs/python11/lib/python3.11/site-packages/django/utils/functional.py", line 47, in __get__
    res = instance.__dict__[self.name] = self.func(instance)
                                         ^^^^^^^^^^^^^^^^^^^
  File "/home/tat/miniconda3/envs/python11/lib/python3.11/site-packages/django/db/backends/mysql/base.py", line 404, in mysql_server_data
    with self.temporary_connection() as cursor:
  File "/home/tat/miniconda3/envs/python11/lib/python3.11/contextlib.py", line 137, in __enter__
    return next(self.gen)
           ^^^^^^^^^^^^^^
  File "/home/tat/miniconda3/envs/python11/lib/python3.11/site-packages/django/db/backends/base/base.py", line 699, in temporary_connection
    self.close()
  File "/home/tat/miniconda3/envs/python11/lib/python3.11/site-packages/django/utils/asyncio.py", line 24, in inner
    raise SynchronousOnlyOperation(message)
django.core.exceptions.SynchronousOnlyOperation: You cannot call this from an async context - use a thread or sync_to_async.

During handling of the above exception, another exception occurred:

Traceback (most recent call last):
  File "/media/tat/backup/project/data_management/backend/fastapi_app/main.py", line 201, in upload_chunk
    raise HTTPException(status_code=404, detail="Folder not found")
fastapi.exceptions.HTTPException: 404: Folder not found
INFO 2025-06-03 08:00:09,942 main 99362 128247827092992 Uploading chunk 0/2 for file code.zip in project 0a43c21b-bb40-4d83-858a-cb1d237e96d0
ERROR 2025-06-03 08:00:09,944 main 99362 128247827092992 Error uploading chunk 0: 404: Folder not found
Traceback (most recent call last):
  File "/home/tat/miniconda3/envs/python11/lib/python3.11/site-packages/django/db/models/fields/related_descriptors.py", line 240, in __get__
    rel_obj = self.field.get_cached_value(instance)
              ^^^^^^^^^^^^^^^^^^^^^^^^^^^^^^^^^^^^^
  File "/home/tat/miniconda3/envs/python11/lib/python3.11/site-packages/django/db/models/fields/mixins.py", line 37, in get_cached_value
    return instance._state.fields_cache[self.cache_name]
           ~~~~~~~~~~~~~~~~~~~~~~~~~~~~^^^^^^^^^^^^^^^^^
KeyError: 'project'

During handling of the above exception, another exception occurred:

Traceback (most recent call last):
  File "/home/tat/miniconda3/envs/python11/lib/python3.11/site-packages/django/db/backends/base/base.py", line 695, in temporary_connection
    with self.cursor() as cursor:
         ^^^^^^^^^^^^^
  File "/home/tat/miniconda3/envs/python11/lib/python3.11/site-packages/django/utils/asyncio.py", line 24, in inner
    raise SynchronousOnlyOperation(message)
django.core.exceptions.SynchronousOnlyOperation: You cannot call this from an async context - use a thread or sync_to_async.

During handling of the above exception, another exception occurred:

Traceback (most recent call last):
  File "/media/tat/backup/project/data_management/backend/fastapi_app/main.py", line 198, in upload_chunk
    if str(folder.project.id) != project_id:
           ^^^^^^^^^^^^^^
  File "/home/tat/miniconda3/envs/python11/lib/python3.11/site-packages/django/db/models/fields/related_descriptors.py", line 258, in __get__
    rel_obj = self.get_object(instance)
              ^^^^^^^^^^^^^^^^^^^^^^^^^
  File "/home/tat/miniconda3/envs/python11/lib/python3.11/site-packages/django/db/models/fields/related_descriptors.py", line 221, in get_object
    return qs.get(self.field.get_reverse_related_filter(instance))
           ^^^^^^^^^^^^^^^^^^^^^^^^^^^^^^^^^^^^^^^^^^^^^^^^^^^^^^^
  File "/home/tat/miniconda3/envs/python11/lib/python3.11/site-packages/django/db/models/query.py", line 629, in get
    num = len(clone)
          ^^^^^^^^^^
  File "/home/tat/miniconda3/envs/python11/lib/python3.11/site-packages/django/db/models/query.py", line 366, in __len__
    self._fetch_all()
  File "/home/tat/miniconda3/envs/python11/lib/python3.11/site-packages/django/db/models/query.py", line 1945, in _fetch_all
    self._result_cache = list(self._iterable_class(self))
                         ^^^^^^^^^^^^^^^^^^^^^^^^^^^^^^^^
  File "/home/tat/miniconda3/envs/python11/lib/python3.11/site-packages/django/db/models/query.py", line 91, in __iter__
    results = compiler.execute_sql(
              ^^^^^^^^^^^^^^^^^^^^^
  File "/home/tat/miniconda3/envs/python11/lib/python3.11/site-packages/django/db/models/sql/compiler.py", line 1610, in execute_sql
    sql, params = self.as_sql()
                  ^^^^^^^^^^^^^
  File "/home/tat/miniconda3/envs/python11/lib/python3.11/site-packages/django/db/models/sql/compiler.py", line 794, in as_sql
    self.compile(self.where) if self.where is not None else ("", [])
    ^^^^^^^^^^^^^^^^^^^^^^^^
  File "/home/tat/miniconda3/envs/python11/lib/python3.11/site-packages/django/db/models/sql/compiler.py", line 577, in compile
    sql, params = node.as_sql(self, self.connection)
                  ^^^^^^^^^^^^^^^^^^^^^^^^^^^^^^^^^^
  File "/home/tat/miniconda3/envs/python11/lib/python3.11/site-packages/django/db/models/sql/where.py", line 151, in as_sql
    sql, params = compiler.compile(child)
                  ^^^^^^^^^^^^^^^^^^^^^^^
  File "/home/tat/miniconda3/envs/python11/lib/python3.11/site-packages/django/db/models/sql/compiler.py", line 577, in compile
    sql, params = node.as_sql(self, self.connection)
                  ^^^^^^^^^^^^^^^^^^^^^^^^^^^^^^^^^^
  File "/home/tat/miniconda3/envs/python11/lib/python3.11/site-packages/django/db/models/lookups.py", line 426, in as_sql
    return super().as_sql(compiler, connection)
           ^^^^^^^^^^^^^^^^^^^^^^^^^^^^^^^^^^^^
  File "/home/tat/miniconda3/envs/python11/lib/python3.11/site-packages/django/db/models/lookups.py", line 258, in as_sql
    rhs_sql, rhs_params = self.process_rhs(compiler, connection)
                          ^^^^^^^^^^^^^^^^^^^^^^^^^^^^^^^^^^^^^^
  File "/home/tat/miniconda3/envs/python11/lib/python3.11/site-packages/django/db/models/lookups.py", line 141, in process_rhs
    return self.get_db_prep_lookup(value, connection)
           ^^^^^^^^^^^^^^^^^^^^^^^^^^^^^^^^^^^^^^^^^^
  File "/home/tat/miniconda3/envs/python11/lib/python3.11/site-packages/django/db/models/lookups.py", line 287, in get_db_prep_lookup
    [
  File "/home/tat/miniconda3/envs/python11/lib/python3.11/site-packages/django/db/models/lookups.py", line 291, in <listcomp>
    else get_db_prep_value(v, connection, prepared=True)
         ^^^^^^^^^^^^^^^^^^^^^^^^^^^^^^^^^^^^^^^^^^^^^^^
  File "/home/tat/miniconda3/envs/python11/lib/python3.11/site-packages/django/db/models/fields/__init__.py", line 2758, in get_db_prep_value
    if connection.features.has_native_uuid_field:
       ^^^^^^^^^^^^^^^^^^^^^^^^^^^^^^^^^^^^^^^^^
  File "/home/tat/miniconda3/envs/python11/lib/python3.11/site-packages/django/utils/functional.py", line 47, in __get__
    res = instance.__dict__[self.name] = self.func(instance)
                                         ^^^^^^^^^^^^^^^^^^^
  File "/home/tat/miniconda3/envs/python11/lib/python3.11/site-packages/django/db/backends/mysql/features.py", line 310, in has_native_uuid_field
    is_mariadb = self.connection.mysql_is_mariadb
                 ^^^^^^^^^^^^^^^^^^^^^^^^^^^^^^^^
  File "/home/tat/miniconda3/envs/python11/lib/python3.11/site-packages/django/utils/functional.py", line 47, in __get__
    res = instance.__dict__[self.name] = self.func(instance)
                                         ^^^^^^^^^^^^^^^^^^^
  File "/home/tat/miniconda3/envs/python11/lib/python3.11/site-packages/django/db/backends/mysql/base.py", line 444, in mysql_is_mariadb
    return "mariadb" in self.mysql_server_info.lower()
                        ^^^^^^^^^^^^^^^^^^^^^^
  File "/home/tat/miniconda3/envs/python11/lib/python3.11/site-packages/django/utils/functional.py", line 47, in __get__
    res = instance.__dict__[self.name] = self.func(instance)
                                         ^^^^^^^^^^^^^^^^^^^
  File "/home/tat/miniconda3/envs/python11/lib/python3.11/site-packages/django/db/backends/mysql/base.py", line 430, in mysql_server_info
    return self.mysql_server_data["version"]
           ^^^^^^^^^^^^^^^^^^^^^^
  File "/home/tat/miniconda3/envs/python11/lib/python3.11/site-packages/django/utils/functional.py", line 47, in __get__
    res = instance.__dict__[self.name] = self.func(instance)
                                         ^^^^^^^^^^^^^^^^^^^
  File "/home/tat/miniconda3/envs/python11/lib/python3.11/site-packages/django/db/backends/mysql/base.py", line 404, in mysql_server_data
    with self.temporary_connection() as cursor:
  File "/home/tat/miniconda3/envs/python11/lib/python3.11/contextlib.py", line 137, in __enter__
    return next(self.gen)
           ^^^^^^^^^^^^^^
  File "/home/tat/miniconda3/envs/python11/lib/python3.11/site-packages/django/db/backends/base/base.py", line 699, in temporary_connection
    self.close()
  File "/home/tat/miniconda3/envs/python11/lib/python3.11/site-packages/django/utils/asyncio.py", line 24, in inner
    raise SynchronousOnlyOperation(message)
django.core.exceptions.SynchronousOnlyOperation: You cannot call this from an async context - use a thread or sync_to_async.

During handling of the above exception, another exception occurred:

Traceback (most recent call last):
  File "/media/tat/backup/project/data_management/backend/fastapi_app/main.py", line 201, in upload_chunk
    raise HTTPException(status_code=404, detail="Folder not found")
fastapi.exceptions.HTTPException: 404: Folder not found
INFO 2025-06-03 08:04:55,582 main 105886 127040217740800 Uploading chunk 0/7 for file 12q.mp4
INFO 2025-06-03 08:04:55,582 main 105886 127040217740800 Project: 0a43c21b-bb40-4d83-858a-cb1d237e96d0, Folder: 2c08546a-75ea-4a3b-b083-694d474da3a5, User: 31c1e60f-eeb1-4b2f-b1f9-1a9f48e45338
INFO 2025-06-03 08:04:55,584 main 105886 127040217740800 Project found: ABC
INFO 2025-06-03 08:04:55,587 main 105886 127040217740800 Folder found: videos
INFO 2025-06-03 08:04:55,589 main 105886 127040217740800 Chunk 0 written: 1048576 bytes
INFO 2025-06-03 08:04:55,597 main 105886 127040217740800 Chunk 0 upload successful
INFO 2025-06-03 08:04:55,612 main 105886 127040217740800 Uploading chunk 1/7 for file 12q.mp4
INFO 2025-06-03 08:04:55,612 main 105886 127040217740800 Project: 0a43c21b-bb40-4d83-858a-cb1d237e96d0, Folder: 2c08546a-75ea-4a3b-b083-694d474da3a5, User: 31c1e60f-eeb1-4b2f-b1f9-1a9f48e45338
INFO 2025-06-03 08:04:55,614 main 105886 127040217740800 Project found: ABC
INFO 2025-06-03 08:04:55,616 main 105886 127040217740800 Folder found: videos
INFO 2025-06-03 08:04:55,617 main 105886 127040217740800 Chunk 1 written: 1048576 bytes
INFO 2025-06-03 08:04:55,625 main 105886 127040217740800 Chunk 1 upload successful
INFO 2025-06-03 08:04:55,639 main 105886 127040217740800 Uploading chunk 2/7 for file 12q.mp4
INFO 2025-06-03 08:04:55,639 main 105886 127040217740800 Project: 0a43c21b-bb40-4d83-858a-cb1d237e96d0, Folder: 2c08546a-75ea-4a3b-b083-694d474da3a5, User: 31c1e60f-eeb1-4b2f-b1f9-1a9f48e45338
INFO 2025-06-03 08:04:55,640 main 105886 127040217740800 Project found: ABC
INFO 2025-06-03 08:04:55,642 main 105886 127040217740800 Folder found: videos
INFO 2025-06-03 08:04:55,643 main 105886 127040217740800 Chunk 2 written: 1048576 bytes
INFO 2025-06-03 08:04:55,650 main 105886 127040217740800 Chunk 2 upload successful
INFO 2025-06-03 08:04:55,661 main 105886 127040217740800 Uploading chunk 3/7 for file 12q.mp4
INFO 2025-06-03 08:04:55,661 main 105886 127040217740800 Project: 0a43c21b-bb40-4d83-858a-cb1d237e96d0, Folder: 2c08546a-75ea-4a3b-b083-694d474da3a5, User: 31c1e60f-eeb1-4b2f-b1f9-1a9f48e45338
INFO 2025-06-03 08:04:55,662 main 105886 127040217740800 Project found: ABC
INFO 2025-06-03 08:04:55,664 main 105886 127040217740800 Folder found: videos
INFO 2025-06-03 08:04:55,665 main 105886 127040217740800 Chunk 3 written: 1048576 bytes
INFO 2025-06-03 08:04:55,673 main 105886 127040217740800 Chunk 3 upload successful
INFO 2025-06-03 08:04:55,683 main 105886 127040217740800 Uploading chunk 4/7 for file 12q.mp4
INFO 2025-06-03 08:04:55,683 main 105886 127040217740800 Project: 0a43c21b-bb40-4d83-858a-cb1d237e96d0, Folder: 2c08546a-75ea-4a3b-b083-694d474da3a5, User: 31c1e60f-eeb1-4b2f-b1f9-1a9f48e45338
INFO 2025-06-03 08:04:55,684 main 105886 127040217740800 Project found: ABC
INFO 2025-06-03 08:04:55,686 main 105886 127040217740800 Folder found: videos
INFO 2025-06-03 08:04:55,687 main 105886 127040217740800 Chunk 4 written: 1048576 bytes
INFO 2025-06-03 08:04:55,694 main 105886 127040217740800 Chunk 4 upload successful
INFO 2025-06-03 08:04:55,705 main 105886 127040217740800 Uploading chunk 5/7 for file 12q.mp4
INFO 2025-06-03 08:04:55,705 main 105886 127040217740800 Project: 0a43c21b-bb40-4d83-858a-cb1d237e96d0, Folder: 2c08546a-75ea-4a3b-b083-694d474da3a5, User: 31c1e60f-eeb1-4b2f-b1f9-1a9f48e45338
INFO 2025-06-03 08:04:55,707 main 105886 127040217740800 Project found: ABC
INFO 2025-06-03 08:04:55,709 main 105886 127040217740800 Folder found: videos
INFO 2025-06-03 08:04:55,710 main 105886 127040217740800 Chunk 5 written: 1048576 bytes
INFO 2025-06-03 08:04:55,718 main 105886 127040217740800 Chunk 5 upload successful
INFO 2025-06-03 08:04:55,727 main 105886 127040217740800 Uploading chunk 6/7 for file 12q.mp4
INFO 2025-06-03 08:04:55,728 main 105886 127040217740800 Project: 0a43c21b-bb40-4d83-858a-cb1d237e96d0, Folder: 2c08546a-75ea-4a3b-b083-694d474da3a5, User: 31c1e60f-eeb1-4b2f-b1f9-1a9f48e45338
INFO 2025-06-03 08:04:55,729 main 105886 127040217740800 Project found: ABC
INFO 2025-06-03 08:04:55,730 main 105886 127040217740800 Folder found: videos
INFO 2025-06-03 08:04:55,731 main 105886 127040217740800 Chunk 6 written: 926582 bytes
INFO 2025-06-03 08:04:55,741 main 105886 127040217740800 Chunk 6 upload successful
INFO 2025-06-03 08:04:55,831 main 105886 127040217740800 Successfully merged file: 12q.mp4 (7218038 bytes) in project ABC
INFO 2025-06-03 08:04:55,880 main 105886 127040217740800 Uploading chunk 0/1 for file DJI_0356_W_0001.jpg
INFO 2025-06-03 08:04:55,880 main 105886 127040217740800 Project: 0a43c21b-bb40-4d83-858a-cb1d237e96d0, Folder: 1d8f1a50-bcda-40e2-a40b-809d1d5b569a, User: 31c1e60f-eeb1-4b2f-b1f9-1a9f48e45338
INFO 2025-06-03 08:04:55,882 main 105886 127040217740800 Project found: ABC
INFO 2025-06-03 08:04:55,885 main 105886 127040217740800 Folder found: VD
INFO 2025-06-03 08:04:55,886 main 105886 127040217740800 Chunk 0 written: 503553 bytes
INFO 2025-06-03 08:04:55,894 main 105886 127040217740800 Chunk 0 upload successful
INFO 2025-06-03 08:04:55,922 main 105886 127040217740800 Successfully merged file: DJI_0356_W_0001.jpg (503553 bytes) in project ABC
INFO 2025-06-03 08:04:55,938 main 105886 127040217740800 Uploading chunk 0/2 for file code.zip
INFO 2025-06-03 08:04:55,939 main 105886 127040217740800 Project: 0a43c21b-bb40-4d83-858a-cb1d237e96d0, Folder: 8dde5c57-19fe-47b6-9c91-3fa39ba7f594, User: 31c1e60f-eeb1-4b2f-b1f9-1a9f48e45338
INFO 2025-06-03 08:04:55,940 main 105886 127040217740800 Project found: ABC
INFO 2025-06-03 08:04:55,942 main 105886 127040217740800 Folder found: datazip
INFO 2025-06-03 08:04:55,944 main 105886 127040217740800 Chunk 0 written: 1048576 bytes
INFO 2025-06-03 08:04:55,952 main 105886 127040217740800 Chunk 0 upload successful
INFO 2025-06-03 08:04:55,957 main 105886 127040217740800 Uploading chunk 1/2 for file code.zip
INFO 2025-06-03 08:04:55,957 main 105886 127040217740800 Project: 0a43c21b-bb40-4d83-858a-cb1d237e96d0, Folder: 8dde5c57-19fe-47b6-9c91-3fa39ba7f594, User: 31c1e60f-eeb1-4b2f-b1f9-1a9f48e45338
INFO 2025-06-03 08:04:55,958 main 105886 127040217740800 Project found: ABC
INFO 2025-06-03 08:04:55,961 main 105886 127040217740800 Folder found: datazip
INFO 2025-06-03 08:04:55,962 main 105886 127040217740800 Chunk 1 written: 169862 bytes
INFO 2025-06-03 08:04:55,969 main 105886 127040217740800 Chunk 1 upload successful
INFO 2025-06-03 08:04:56,005 main 105886 127040217740800 Successfully merged file: code.zip (1218438 bytes) in project ABC
